Component: ARM Compiler 5.06 update 4 (build 422) Tool: armlink [4d35d2]

==============================================================================

Section Cross References

    board.o(i.CC3100_InterruptDisable) refers to gpio.o(i.GPIOIntDisable) for GPIOIntDisable
    board.o(i.CC3100_InterruptEnable) refers to gpio.o(i.GPIOIntEnable) for GPIOIntEnable
    board.o(i.GPIOB_intHandler) refers to gpio.o(i.GPIOIntStatus) for GPIOIntStatus
    board.o(i.GPIOB_intHandler) refers to gpio.o(i.GPIOIntClear) for GPIOIntClear
    board.o(i.GPIOB_intHandler) refers to board.o(.data) for .data
    board.o(i.MaskIntHdlr) refers to board.o(.data) for .data
    board.o(i.UART1_intHandler) refers to uart.o(i.UARTIntStatus) for UARTIntStatus
    board.o(i.UART1_intHandler) refers to uart.o(i.UARTIntClear) for UARTIntClear
    board.o(i.UnMaskIntHdlr) refers to board.o(.data) for .data
    board.o(i.initClk) refers to fpu.o(i.FPUEnable) for FPUEnable
    board.o(i.initClk) refers to fpu.o(i.FPULazyStackingEnable) for FPULazyStackingEnable
    board.o(i.initClk) refers to sysctl.o(i.SysCtlClockSet) for SysCtlClockSet
    board.o(i.registerInterruptHandler) refers to board.o(.data) for .data
    cmdline.o(i.CmdLineProcess) refers to strcmp.o(.text) for strcmp
    cmdline.o(i.CmdLineProcess) refers to cmdline.o(.bss) for .bss
    cmdline.o(i.CmdLineProcess) refers to starter.o(.data) for g_psCmdTable
    device.o(i._SlDrvDeviceEventHandler) refers to device.o(i._sl_HandleAsync_InitComplete) for _sl_HandleAsync_InitComplete
    device.o(i._SlDrvDeviceEventHandler) refers to device.o(i._sl_HandleAsync_Stop) for _sl_HandleAsync_Stop
    device.o(i._sl_HandleAsync_InitComplete) refers to nonos.o(i._SlNonOsSemGet) for _SlNonOsSemGet
    device.o(i._sl_HandleAsync_InitComplete) refers to device.o(i.GetStartResponseConvert) for GetStartResponseConvert
    device.o(i._sl_HandleAsync_InitComplete) refers to nonos.o(i._SlNonOsSemSet) for _SlNonOsSemSet
    device.o(i._sl_HandleAsync_InitComplete) refers to driver.o(i._SlDrvReleasePoolObj) for _SlDrvReleasePoolObj
    device.o(i._sl_HandleAsync_InitComplete) refers to driver.o(.data) for g_pCB
    device.o(i._sl_HandleAsync_Stop) refers to nonos.o(i._SlNonOsSemGet) for _SlNonOsSemGet
    device.o(i._sl_HandleAsync_Stop) refers to nonos.o(i._SlNonOsSemSet) for _SlNonOsSemSet
    device.o(i._sl_HandleAsync_Stop) refers to driver.o(.data) for g_pCB
    device.o(i.sl_DevGet) refers to driver.o(i._SlDrvCmdOp) for _SlDrvCmdOp
    device.o(i.sl_DevGet) refers to device.o(.constdata) for .constdata
    device.o(i.sl_DevSet) refers to driver.o(i._SlDrvCmdOp) for _SlDrvCmdOp
    device.o(i.sl_DevSet) refers to device.o(.constdata) for .constdata
    device.o(i.sl_EventMaskGet) refers to driver.o(i._SlDrvCmdOp) for _SlDrvCmdOp
    device.o(i.sl_EventMaskGet) refers to device.o(.constdata) for .constdata
    device.o(i.sl_EventMaskSet) refers to driver.o(i._SlDrvCmdOp) for _SlDrvCmdOp
    device.o(i.sl_EventMaskSet) refers to device.o(.constdata) for .constdata
    device.o(i.sl_Start) refers to driver.o(i._SlDrvDriverCBInit) for _SlDrvDriverCBInit
    device.o(i.sl_Start) refers to driver.o(i._SlDrvWaitForPoolObj) for _SlDrvWaitForPoolObj
    device.o(i.sl_Start) refers to nonos.o(i._SlNonOsSemGet) for _SlNonOsSemGet
    device.o(i.sl_Start) refers to spi.o(i.spi_Open) for spi_Open
    device.o(i.sl_Start) refers to nonos.o(i._SlNonOsSemSet) for _SlNonOsSemSet
    device.o(i.sl_Start) refers to board.o(i.CC3100_disable) for CC3100_disable
    device.o(i.sl_Start) refers to board.o(i.registerInterruptHandler) for registerInterruptHandler
    device.o(i.sl_Start) refers to board.o(i.CC3100_enable) for CC3100_enable
    device.o(i.sl_Start) refers to driver.o(i._SlDrvReleasePoolObj) for _SlDrvReleasePoolObj
    device.o(i.sl_Start) refers to device.o(i.GetStartResponseConvert) for GetStartResponseConvert
    device.o(i.sl_Start) refers to driver.o(.data) for g_pCB
    device.o(i.sl_Start) refers to driver.o(i._SlDrvRxIrqHandler) for _SlDrvRxIrqHandler
    device.o(i.sl_Stop) refers to driver.o(i._SlDrvWaitForPoolObj) for _SlDrvWaitForPoolObj
    device.o(i.sl_Stop) refers to nonos.o(i._SlNonOsSemGet) for _SlNonOsSemGet
    device.o(i.sl_Stop) refers to board.o(i.registerInterruptHandler) for registerInterruptHandler
    device.o(i.sl_Stop) refers to board.o(i.CC3100_disable) for CC3100_disable
    device.o(i.sl_Stop) refers to spi.o(i.spi_Close) for spi_Close
    device.o(i.sl_Stop) refers to nonos.o(i._SlNonOsSemSet) for _SlNonOsSemSet
    device.o(i.sl_Stop) refers to driver.o(i._SlDrvCmdOp) for _SlDrvCmdOp
    device.o(i.sl_Stop) refers to driver.o(i._SlDrvReleasePoolObj) for _SlDrvReleasePoolObj
    device.o(i.sl_Stop) refers to driver.o(i._SlDrvDriverCBDeinit) for _SlDrvDriverCBDeinit
    device.o(i.sl_Stop) refers to driver.o(.data) for g_pCB
    device.o(i.sl_Stop) refers to device.o(.constdata) for .constdata
[...]
    Removing socket.o(i._sl_TruncatePayloadByProtocol), (84 bytes).
    Removing socket.o(i.sl_Accept), (264 bytes).
    Removing socket.o(i.sl_Connect), (236 bytes).
    Removing socket.o(i.sl_GetSockOpt), (112 bytes).
    Removing socket.o(i.sl_Htonl), (40 bytes).
    Removing socket.o(i.sl_Listen), (36 bytes).
    Removing socket.o(i.sl_Recv), (64 bytes).
    Removing socket.o(i.sl_Select), (272 bytes).
    Removing socket.o(i.sl_Send), (172 bytes).
    Removing socket.o(i.sl_SendTo), (174 bytes).
    Removing socket.o(i.sl_SetSockOpt), (64 bytes).
    Removing spi.o(i.spi_Close), (10 bytes).
    Removing starter.o(i.main3), (292 bytes).
    Removing startup_rvmdk.o(HEAP), (0 bytes).
    Removing startup_rvmdk.o(.text), (0 bytes).
    Removing uartstdio.o(i.GetBufferCount), (18 bytes).
    Removing uartstdio.o(i.UARTEchoSet), (16 bytes).
    Removing uartstdio.o(i.UARTPeek), (60 bytes).
    Removing uartstdio.o(i.UARTRxBytesAvail), (16 bytes).
    Removing uartstdio.o(i.UARTTxBytesFree), (24 bytes).
    Removing uartstdio.o(i.UARTgetc), (44 bytes).
    Removing uartstdio.o(i.UARTgets), (88 bytes).
    Removing ustdlib.o(i.ucmptime), (82 bytes).
    Removing ustdlib.o(i.ulocaltime), (164 bytes).
    Removing ustdlib.o(i.umktime), (58 bytes).
    Removing ustdlib.o(i.urand), (28 bytes).
    Removing ustdlib.o(i.usnprintf), (18 bytes).
    Removing ustdlib.o(i.usprintf), (22 bytes).
    Removing ustdlib.o(i.usrand), (12 bytes).
    Removing ustdlib.o(i.ustrcasecmp), (8 bytes).
    Removing ustdlib.o(i.ustrcmp), (8 bytes).
    Removing ustdlib.o(i.ustrlen), (16 bytes).
    Removing ustdlib.o(i.ustrncasecmp), (70 bytes).
    Removing ustdlib.o(i.ustrncmp), (46 bytes).
    Removing ustdlib.o(i.ustrncpy), (36 bytes).
    Removing ustdlib.o(i.ustrstr), (42 bytes).
    Removing ustdlib.o(i.ustrtof), (316 bytes).
    Removing ustdlib.o(i.ustrtoul), (158 bytes).
    Removing ustdlib.o(i.uvsnprintf), (592 bytes).
    Removing ustdlib.o(.constdata), (76 bytes).
    Removing ustdlib.o(.conststring), (17 bytes).
    Removing ustdlib.o(.data), (4 bytes).
    Removing wlan.o(i.sl_WlanDisconnect), (8 bytes).
    Removing wlan.o(i.sl_WlanGet), (116 bytes).
    Removing wlan.o(i.sl_WlanGetNetworkList), (68 bytes).
    Removing wlan.o(i.sl_WlanPolicyGet), (116 bytes).
    Removing wlan.o(i.sl_WlanPolicySet), (56 bytes).
    Removing wlan.o(i.sl_WlanProfileAdd), (436 bytes).
    Removing wlan.o(i.sl_WlanProfileDel), (32 bytes).
    Removing wlan.o(i.sl_WlanProfileGet), (172 bytes).
    Removing wlan.o(i.sl_WlanRxFilterAdd), (88 bytes).
    Removing wlan.o(i.sl_WlanRxFilterGet), (84 bytes).
    Removing wlan.o(i.sl_WlanRxFilterSet), (52 bytes).
    Removing wlan.o(i.sl_WlanRxStatGet), (40 bytes).
    Removing wlan.o(i.sl_WlanRxStatStart), (8 bytes).
    Removing wlan.o(i.sl_WlanRxStatStop), (8 bytes).
    Removing wlan.o(i.sl_WlanSet), (64 bytes).
    Removing wlan.o(i.sl_WlanSetMode), (32 bytes).
    Removing wlan.o(i.sl_WlanSmartConfigStart), (108 bytes).
    Removing wlan.o(i.sl_WlanSmartConfigStop), (8 bytes).
    Removing wlan.o(.constdata), (52 bytes).
    Removing adcswtrigger.o(i.ADC0_InSeq3), (28 bytes).
    Removing adcswtrigger.o(i.ADC0_InitAllTriggerSeq3), (700 bytes).
    Removing adcswtrigger.o(i.ADC0_InitSWTriggerSeq3), (716 bytes).
    Removing launchpadswitches.o(i.Board_Input), (20 bytes).
    Removing launchpadswitches.o(i.Int2Str), (268 bytes).
    Removing launchpadswitches.o(i.LED_Off), (12 bytes).
    Removing launchpadswitches.o(i.LED_On), (12 bytes).
    Removing launchpadswitches.o(i.LED_Toggle), (16 bytes).
    Removing st7735.o(i.Output_Init), (18 bytes).
    Removing st7735.o(i.ST7735_DrawBitmap), (228 bytes).
    Removing st7735.o(i.ST7735_DrawChar), (200 bytes).
    Removing st7735.o(i.ST7735_DrawFastHLine), (80 bytes).
    Removing st7735.o(i.ST7735_DrawFastVLine), (80 bytes).
    Removing st7735.o(i.ST7735_InitB), (44 bytes).
    Removing st7735.o(i.ST7735_InvertDisplay), (12 bytes).
    Removing st7735.o(i.ST7735_OutUDec), (88 bytes).
    Removing st7735.o(i.ST7735_PlotBar), (60 bytes).
    Removing st7735.o(i.ST7735_PlotLine), (200 bytes).
    Removing st7735.o(i.ST7735_PlotNext), (24 bytes).
    Removing st7735.o(i.ST7735_PlotNextErase), (52 bytes).
    Removing st7735.o(i.ST7735_PlotPoint), (120 bytes).
    Removing st7735.o(i.ST7735_PlotPoints), (128 bytes).
    Removing st7735.o(i.ST7735_PlotdBfs), (52 bytes).
    Removing st7735.o(i.ST7735_SetRotation), (116 bytes).
    Removing st7735.o(i.ST7735_SetTextColor), (12 bytes).
    Removing st7735.o(i.ST7735_SwapColor), (16 bytes).
    Removing st7735.o(i.ferror), (6 bytes).
    Removing st7735.o(i.fgetc), (4 bytes).
    Removing st7735.o(i.fillmessage), (56 bytes).
    Removing st7735.o(i.fputc), (12 bytes).
    Removing st7735.o(.bss), (12 bytes).
    Removing newpwm.o(i.PWM_Duty_PA6), (16 bytes).
    Removing newpwm.o(i.PWM_Duty_PA7), (16 bytes).
    Removing newpwm.o(i.PWM_Duty_PB5), (16 bytes).
    Removing newpwm.o(i.PWM_Duty_PD0), (12 bytes).
    Removing newpwm.o(i.PWM_Duty_PD1), (12 bytes).
    Removing newpwm.o(i.PWM_Duty_PE5), (16 bytes).
    Removing newpwm.o(i.PWM_Duty_PF3), (16 bytes).
    Removing newpwm.o(i.PWM_Init_PA6), (144 bytes).
    Removing newpwm.o(i.PWM_Init_PA7), (148 bytes).
    Removing newpwm.o(i.PWM_Init_PB5), (156 bytes).
    Removing newpwm.o(i.PWM_Init_PD0), (140 bytes).
    Removing newpwm.o(i.PWM_Init_PD1), (144 bytes).
    Removing newpwm.o(i.PWM_Init_PE5), (148 bytes).
    Removing newpwm.o(i.PWM_Init_PF1), (168 bytes).
    Removing newpwm.o(i.PWM_Init_PF2), (176 bytes).
    Removing newpwm.o(i.PWM_Init_PF3), (180 bytes).
    Removing fpu.o(i.FPUDisable), (16 bytes).
    Removing fpu.o(i.FPUFlushToZeroModeSet), (20 bytes).
    Removing fpu.o(i.FPUHalfPrecisionModeSet), (20 bytes).
    Removing fpu.o(i.FPUNaNModeSet), (20 bytes).
    Removing fpu.o(i.FPURoundingModeSet), (20 bytes).
    Removing fpu.o(i.FPUStackingDisable), (16 bytes).
    Removing fpu.o(i.FPUStackingEnable), (20 bytes).
    Removing gpio.o(i.GPIOADCTriggerDisable), (14 bytes).
    Removing gpio.o(i.GPIOADCTriggerEnable), (12 bytes).
    Removing gpio.o(i.GPIODMATriggerDisable), (14 bytes).
    Removing gpio.o(i.GPIODMATriggerEnable), (12 bytes).
    Removing gpio.o(i.GPIODirModeGet), (34 bytes).
    Removing gpio.o(i.GPIOIntRegister), (26 bytes).
    Removing gpio.o(i.GPIOIntRegisterPin), (30 bytes).
    Removing gpio.o(i.GPIOIntTypeGet), (68 bytes).
    Removing gpio.o(i.GPIOIntUnregister), (22 bytes).
    Removing gpio.o(i.GPIOIntUnregisterPin), (26 bytes).
    Removing gpio.o(i.GPIOPadConfigGet), (204 bytes).
    Removing gpio.o(i.GPIOPinRead), (6 bytes).
    Removing gpio.o(i.GPIOPinTypeADC), (28 bytes).
    Removing gpio.o(i.GPIOPinTypeCAN), (28 bytes).
    Removing gpio.o(i.GPIOPinTypeComparator), (28 bytes).
    Removing gpio.o(i.GPIOPinTypeComparatorOutput), (28 bytes).
    Removing gpio.o(i.GPIOPinTypeDIVSCLK), (28 bytes).
    Removing gpio.o(i.GPIOPinTypeEPI), (28 bytes).
    Removing gpio.o(i.GPIOPinTypeEthernetLED), (28 bytes).
    Removing gpio.o(i.GPIOPinTypeEthernetMII), (28 bytes).
    Removing gpio.o(i.GPIOPinTypeGPIOOutput), (28 bytes).
    Removing gpio.o(i.GPIOPinTypeGPIOOutputOD), (28 bytes).
    Removing gpio.o(i.GPIOPinTypeHibernateRTCCLK), (28 bytes).
    Removing gpio.o(i.GPIOPinTypeI2C), (28 bytes).
    Removing gpio.o(i.GPIOPinTypeI2CSCL), (28 bytes).
    Removing gpio.o(i.GPIOPinTypeLCD), (28 bytes).
    Removing gpio.o(i.GPIOPinTypeOneWire), (28 bytes).
    Removing gpio.o(i.GPIOPinTypePWM), (28 bytes).
    Removing gpio.o(i.GPIOPinTypeQEI), (28 bytes).
    Removing gpio.o(i.GPIOPinTypeTimer), (28 bytes).
    Removing gpio.o(i.GPIOPinTypeTrace), (28 bytes).
    Removing gpio.o(i.GPIOPinTypeUART), (28 bytes).
    Removing gpio.o(i.GPIOPinTypeUSBAnalog), (28 bytes).
    Removing gpio.o(i.GPIOPinTypeUSBDigital), (28 bytes).
    Removing gpio.o(i.GPIOPinTypeWakeHigh), (30 bytes).
    Removing gpio.o(i.GPIOPinTypeWakeLow), (30 bytes).
    Removing gpio.o(i.GPIOPinWakeStatus), (6 bytes).
    Removing gpio.o(i._GPIOIntNumberGet), (80 bytes).
    Removing interrupt.o(i.IntDisable), (100 bytes).
    Removing interrupt.o(i.IntIsEnabled), (96 bytes).
    Removing interrupt.o(i.IntMasterDisable), (14 bytes).
    Removing interrupt.o(i.IntPendClear), (68 bytes).
    Removing interrupt.o(i.IntPendSet), (84 bytes).
    Removing interrupt.o(i.IntPriorityGet), (28 bytes).
    Removing interrupt.o(i.IntPriorityGroupingGet), (36 bytes).
    Removing interrupt.o(i.IntPriorityGroupingSet), (28 bytes).
    Removing interrupt.o(i.IntPriorityMaskGet), (4 bytes).
    Removing interrupt.o(i.IntPriorityMaskSet), (4 bytes).
    Removing interrupt.o(i.IntPrioritySet), (40 bytes).
    Removing interrupt.o(i.IntRegister), (52 bytes).
    Removing interrupt.o(i.IntTrigger), (12 bytes).
    Removing interrupt.o(i.IntUnregister), (20 bytes).
    Removing interrupt.o(i._IntDefaultHandler), (2 bytes).
    Removing interrupt.o(vtable), (620 bytes).
    Removing ssi.o(i.SSIAdvDataPutFrameEnd), (20 bytes).
    Removing ssi.o(i.SSIAdvDataPutFrameEndNonBlocking), (26 bytes).
    Removing ssi.o(i.SSIAdvFrameHoldDisable), (10 bytes).
    Removing ssi.o(i.SSIAdvFrameHoldEnable), (10 bytes).
    Removing ssi.o(i.SSIAdvModeSet), (12 bytes).
    Removing ssi.o(i.SSIBusy), (8 bytes).
    Removing ssi.o(i.SSIClockSourceGet), (6 bytes).
    Removing ssi.o(i.SSIClockSourceSet), (6 bytes).
    Removing ssi.o(i.SSIDMADisable), (10 bytes).
    Removing ssi.o(i.SSIDMAEnable), (8 bytes).
    Removing ssi.o(i.SSIDataGet), (14 bytes).
    Removing ssi.o(i.SSIDataPut), (12 bytes).
    Removing ssi.o(i.SSIDisable), (10 bytes).
    Removing ssi.o(i.SSIIntClear), (4 bytes).
    Removing ssi.o(i.SSIIntDisable), (10 bytes).
    Removing ssi.o(i.SSIIntEnable), (8 bytes).
    Removing ssi.o(i.SSIIntRegister), (88 bytes).
    Removing ssi.o(i.SSIIntStatus), (10 bytes).
    Removing ssi.o(i.SSIIntUnregister), (88 bytes).
    Removing ssi.o(.constdata), (64 bytes).
    Removing sysctl.o(i.SysCtlAltClkConfig), (12 bytes).
    Removing sysctl.o(i.SysCtlClockFreqSet), (740 bytes).
    Removing sysctl.o(i.SysCtlClockOutConfig), (20 bytes).
    Removing sysctl.o(i.SysCtlDeepSleep), (32 bytes).
    Removing sysctl.o(i.SysCtlDeepSleepClockConfigSet), (112 bytes).
    Removing sysctl.o(i.SysCtlDeepSleepClockSet), (12 bytes).
    Removing sysctl.o(i.SysCtlDeepSleepPowerSet), (12 bytes).
    Removing sysctl.o(i.SysCtlFlashSectorSizeGet), (56 bytes).
    Removing sysctl.o(i.SysCtlFlashSizeGet), (56 bytes).
    Removing sysctl.o(i.SysCtlGPIOAHBDisable), (28 bytes).
    Removing sysctl.o(i.SysCtlGPIOAHBEnable), (24 bytes).
    Removing sysctl.o(i.SysCtlIntClear), (12 bytes).
    Removing sysctl.o(i.SysCtlIntDisable), (16 bytes).
    Removing sysctl.o(i.SysCtlIntEnable), (16 bytes).
    Removing sysctl.o(i.SysCtlIntRegister), (20 bytes).
    Removing sysctl.o(i.SysCtlIntStatus), (16 bytes).
    Removing sysctl.o(i.SysCtlIntUnregister), (18 bytes).
    Removing sysctl.o(i.SysCtlLDODeepSleepGet), (12 bytes).
    Removing sysctl.o(i.SysCtlLDODeepSleepSet), (12 bytes).
    Removing sysctl.o(i.SysCtlLDOSleepGet), (12 bytes).
    Removing sysctl.o(i.SysCtlLDOSleepSet), (12 bytes).
    Removing sysctl.o(i.SysCtlMOSCConfigSet), (12 bytes).
    Removing sysctl.o(i.SysCtlNMIClear), (16 bytes).
    Removing sysctl.o(i.SysCtlNMIStatus), (12 bytes).
    Removing sysctl.o(i.SysCtlPIOSCCalibrate), (76 bytes).
    Removing sysctl.o(i.SysCtlPWMClockGet), (24 bytes).
    Removing sysctl.o(i.SysCtlPWMClockSet), (20 bytes).
    Removing sysctl.o(i.SysCtlPeripheralClockGating), (68 bytes).
    Removing sysctl.o(i.SysCtlPeripheralDeepSleepDisable), (40 bytes).
    Removing sysctl.o(i.SysCtlPeripheralDeepSleepEnable), (40 bytes).
    Removing sysctl.o(i.SysCtlPeripheralDisable), (40 bytes).
    Removing sysctl.o(i.SysCtlPeripheralPowerOff), (40 bytes).
    Removing sysctl.o(i.SysCtlPeripheralPowerOn), (40 bytes).
    Removing sysctl.o(i.SysCtlPeripheralPresent), (44 bytes).
    Removing sysctl.o(i.SysCtlPeripheralReady), (44 bytes).
    Removing sysctl.o(i.SysCtlPeripheralReset), (60 bytes).
    Removing sysctl.o(i.SysCtlPeripheralSleepDisable), (40 bytes).
    Removing sysctl.o(i.SysCtlPeripheralSleepEnable), (40 bytes).
    Removing sysctl.o(i.SysCtlReset), (16 bytes).
    Removing sysctl.o(i.SysCtlResetBehaviorGet), (12 bytes).
    Removing sysctl.o(i.SysCtlResetBehaviorSet), (12 bytes).
    Removing sysctl.o(i.SysCtlResetCauseClear), (16 bytes).
    Removing sysctl.o(i.SysCtlResetCauseGet), (12 bytes).
    Removing sysctl.o(i.SysCtlSRAMSizeGet), (16 bytes).
    Removing sysctl.o(i.SysCtlSleep), (4 bytes).
    Removing sysctl.o(i.SysCtlSleepPowerSet), (12 bytes).
    Removing sysctl.o(i.SysCtlUSBPLLDisable), (16 bytes).
    Removing sysctl.o(i.SysCtlUSBPLLEnable), (16 bytes).
    Removing sysctl.o(i.SysCtlVCOGet), (120 bytes).
    Removing sysctl.o(i.SysCtlVoltageEventClear), (16 bytes).
    Removing sysctl.o(i.SysCtlVoltageEventConfig), (12 bytes).
    Removing sysctl.o(i.SysCtlVoltageEventStatus), (12 bytes).
    Removing uart.o(i.UART9BitAddrSend), (38 bytes).
    Removing uart.o(i.UART9BitAddrSet), (10 bytes).
    Removing uart.o(i.UART9BitDisable), (14 bytes).
    Removing uart.o(i.UART9BitEnable), (14 bytes).
    Removing uart.o(i.UARTBreakCtl), (18 bytes).
    Removing uart.o(i.UARTBusy), (8 bytes).
    Removing uart.o(i.UARTCharGet), (12 bytes).
    Removing uart.o(i.UARTCharGetNonBlocking), (16 bytes).
    Removing uart.o(i.UARTCharPut), (12 bytes).
    Removing uart.o(i.UARTCharPutNonBlocking), (16 bytes).
    Removing uart.o(i.UARTCharsAvail), (10 bytes).
    Removing uart.o(i.UARTClockSourceGet), (6 bytes).
    Removing uart.o(i.UARTConfigGetExpClk), (46 bytes).
    Removing uart.o(i.UARTConfigSetExpClk), (110 bytes).
    Removing uart.o(i.UARTDMADisable), (10 bytes).
    Removing uart.o(i.UARTDMAEnable), (8 bytes).
    Removing uart.o(i.UARTDisable), (30 bytes).
    Removing uart.o(i.UARTDisableSIR), (10 bytes).
    Removing uart.o(i.UARTEnable), (20 bytes).
    Removing uart.o(i.UARTEnableSIR), (18 bytes).
    Removing uart.o(i.UARTFIFODisable), (10 bytes).
    Removing uart.o(i.UARTFIFOEnable), (10 bytes).
    Removing uart.o(i.UARTFIFOLevelGet), (16 bytes).
    Removing uart.o(i.UARTFIFOLevelSet), (6 bytes).
    Removing uart.o(i.UARTFlowControlGet), (8 bytes).
    Removing uart.o(i.UARTFlowControlSet), (12 bytes).
    Removing uart.o(i.UARTIntClear), (4 bytes).
    Removing uart.o(i.UARTIntDisable), (10 bytes).
    Removing uart.o(i.UARTIntEnable), (8 bytes).
    Removing uart.o(i.UARTIntRegister), (88 bytes).
    Removing uart.o(i.UARTIntStatus), (10 bytes).
    Removing uart.o(i.UARTIntUnregister), (88 bytes).
    Removing uart.o(i.UARTLoopbackEnable), (10 bytes).
    Removing uart.o(i.UARTModemControlClear), (14 bytes).
    Removing uart.o(i.UARTModemControlGet), (8 bytes).
    Removing uart.o(i.UARTModemControlSet), (12 bytes).
    Removing uart.o(i.UARTModemStatusGet), (10 bytes).
    Removing uart.o(i.UARTParityModeGet), (8 bytes).
    Removing uart.o(i.UARTParityModeSet), (12 bytes).
    Removing uart.o(i.UARTRxErrorClear), (6 bytes).
    Removing uart.o(i.UARTRxErrorGet), (8 bytes).
    Removing uart.o(i.UARTSmartCardDisable), (10 bytes).
    Removing uart.o(i.UARTSmartCardEnable), (22 bytes).
    Removing uart.o(i.UARTSpaceAvail), (10 bytes).
    Removing uart.o(i.UARTTxIntModeGet), (8 bytes).
    Removing uart.o(i.UARTTxIntModeSet), (12 bytes).
    Removing uart.o(.constdata), (128 bytes).

332 unused section(s) (total 19481 bytes) removed from the image.

==============================================================================

Image Symbol Table

    Local Symbols

    Symbol Name                              Value     Ov Type        Size  Object(Section)

    RESET                                    0x00000000   Section      648  startup_rvmdk.o(RESET)
    ../clib/microlib/ctype/ctype.c           0x00000000   Number         0  isspace_c.o ABSOLUTE
    ../clib/microlib/ctype/ctype.c           0x00000000   Number         0  ctype_c.o ABSOLUTE
    ../clib/microlib/errno.c                 0x00000000   Number         0  errno.o ABSOLUTE
    ../clib/microlib/init/entry.s            0x00000000   Number         0  entry.o ABSOLUTE
    ../clib/microlib/init/entry.s            0x00000000   Number         0  entry11b.o ABSOLUTE
    ../clib/microlib/init/entry.s            0x00000000   Number         0  entry11a.o ABSOLUTE
    ../clib/microlib/init/entry.s            0x00000000   Number         0  entry10b.o ABSOLUTE
    ../clib/microlib/init/entry.s            0x00000000   Number         0  entry2.o ABSOLUTE
    ../clib/microlib/init/entry.s            0x00000000   Number         0  entry8b.o ABSOLUTE
    ../clib/microlib/init/entry.s            0x00000000   Number         0  entry10a.o ABSOLUTE
    ../clib/microlib/init/entry.s            0x00000000   Number         0  entry9a.o ABSOLUTE
    ../clib/microlib/init/entry.s            0x00000000   Number         0  entry5.o ABSOLUTE
    ../clib/microlib/init/entry.s            0x00000000   Number         0  entry8a.o ABSOLUTE
    ../clib/microlib/init/entry.s            0x00000000   Number         0  entry7b.o ABSOLUTE
    ../clib/microlib/init/entry.s            0x00000000   Number         0  entry9b.o ABSOLUTE
    ../clib/microlib/init/entry.s            0x00000000   Number         0  entry7a.o ABSOLUTE
    ../clib/microlib/longlong.c              0x00000000   Number         0  llshl.o ABSOLUTE
    ../clib/microlib/longlong.c              0x00000000   Number         0  llushr.o ABSOLUTE
    ../clib/microlib/string/memcpy.c         0x00000000   Number         0  memcpya.o ABSOLUTE
    ../clib/microlib/string/memcpy.c         0x00000000   Number         0  memcpyb.o ABSOLUTE
    ../clib/microlib/string/memset.c         0x00000000   Number         0  memseta.o ABSOLUTE
    ../clib/microlib/string/strcmp.c         0x00000000   Number         0  strcmp.o ABSOLUTE
    ../clib/microlib/stubs.s                 0x00000000   Number         0  iusefp.o ABSOLUTE
    ../clib/scanf.c                          0x00000000   Number         0  _sgetc.o ABSOLUTE
    ../clib/scanf.c                          0x00000000   Number         0  scanf_fp.o ABSOLUTE
    ../clib/scanf.c                          0x00000000   Number         0  strtod.o ABSOLUTE
    ../fplib/microlib/d2f.c                  0x00000000   Number         0  d2f.o ABSOLUTE
    ../fplib/microlib/fpdiv.c                0x00000000   Number         0  ddiv.o ABSOLUTE
    ../fplib/microlib/fpepilogue.c           0x00000000   Number         0  depilogue.o ABSOLUTE
    ../fplib/microlib/fpepilogue.c           0x00000000   Number         0  fepilogue.o ABSOLUTE
    ../fplib/microlib/fpflt.c                0x00000000   Number         0  dfltul.o ABSOLUTE
    ../fplib/microlib/fpmul.c                0x00000000   Number         0  dmul.o ABSOLUTE
    ../mathlib/atof.c                        0x00000000   Number         0  atof.o ABSOLUTE
    ..\..\..\..\utils\cmdline.c              0x00000000   Number         0  cmdline.o ABSOLUTE
    ..\..\..\..\utils\uartstdio.c            0x00000000   Number         0  uartstdio.o ABSOLUTE
    ..\..\..\..\utils\ustdlib.c              0x00000000   Number         0  ustdlib.o ABSOLUTE
    ..\cc3100\platform\ek-tm4c123gxl\board.c 0x00000000   Number         0  board.o ABSOLUTE
    ..\cc3100\platform\ek-tm4c123gxl\spi.c   0x00000000   Number         0  spi.o ABSOLUTE
    ..\cc3100\platform\ek-tm4c123gxl\uart.c  0x00000000   Number         0  uart.o ABSOLUTE
    ..\cc3100\simplelink\source\device.c     0x00000000   Number         0  device.o ABSOLUTE
    ..\cc3100\simplelink\source\driver.c     0x00000000   Number         0  driver.o ABSOLUTE
    ..\cc3100\simplelink\source\flowcont.c   0x00000000   Number         0  flowcont.o ABSOLUTE
    ..\cc3100\simplelink\source\fs.c         0x00000000   Number         0  fs.o ABSOLUTE
    ..\cc3100\simplelink\source\netapp.c     0x00000000   Number         0  netapp.o ABSOLUTE
    ..\cc3100\simplelink\source\netcfg.c     0x00000000   Number         0  netcfg.o ABSOLUTE
    ..\cc3100\simplelink\source\nonos.c      0x00000000   Number         0  nonos.o ABSOLUTE
    ..\cc3100\simplelink\source\socket.c     0x00000000   Number         0  socket.o ABSOLUTE
    ..\cc3100\simplelink\source\spawn.c      0x00000000   Number         0  spawn.o ABSOLUTE
    ..\cc3100\simplelink\source\wlan.c       0x00000000   Number         0  wlan.o ABSOLUTE
    ADCSWTrigger.c                           0x00000000   Number         0  adcswtrigger.o ABSOLUTE
    LaunchPadSwitches.c                      0x00000000   Number         0  launchpadswitches.o ABSOLUTE
    ST7735.c                                 0x00000000   Number         0  st7735.o ABSOLUTE
    cpu.c                                    0x00000000   Number         0  cpu.o ABSOLUTE
    cpu.c                                    0x00000000   Number         0  cpu.o ABSOLUTE
    dc.s                                     0x00000000   Number         0  dc.o ABSOLUTE
    fpu.c                                    0x00000000   Number         0  fpu.o ABSOLUTE
    gpio.c                                   0x00000000   Number         0  gpio.o ABSOLUTE
    handlers.s                               0x00000000   Number         0  handlers.o ABSOLUTE
    init.s                                   0x00000000   Number         0  init.o ABSOLUTE
    interrupt.c                              0x00000000   Number         0  interrupt.o ABSOLUTE
    newpwm.c                                 0x00000000   Number         0  newpwm.o ABSOLUTE
    ssi.c                                    0x00000000   Number         0  ssi.o ABSOLUTE
    starter.c                                0x00000000   Number         0  starter.o ABSOLUTE
    startup_rvmdk.S                          0x00000000   Number         0  startup_rvmdk.o ABSOLUTE
    sysctl.c                                 0x00000000   Number         0  sysctl.o ABSOLUTE
    sysctl.c                                 0x00000000   Number         0  sysctl.o ABSOLUTE
    uart.c                                   0x00000000   Number         0  uart.o ABSOLUTE
    $v0                                      0x0000026c   Number         0  startup_rvmdk.o(RESET)
    NmiSR                                    0x00000281   Thumb Code     0  startup_rvmdk.o(RESET)
    FaultISR                                 0x00000283   Thumb Code     0  startup_rvmdk.o(RESET)
    IntDefaultHandler                        0x00000285   Thumb Code     0  startup_rvmdk.o(RESET)
    .ARM.Collect$$$$00000000                 0x00000288   Section        0  entry.o(.ARM.Collect$$$$00000000)
    .ARM.Collect$$$$00000001                 0x00000288   Section        4  entry2.o(.ARM.Collect$$$$00000001)
    .ARM.Collect$$$$00000004                 0x0000028c   Section        4  entry5.o(.ARM.Collect$$$$00000004)
    .ARM.Collect$$$$00000008                 0x00000290   Section        0  entry7b.o(.ARM.Collect$$$$00000008)
    .ARM.Collect$$$$0000000A                 0x00000290   Section        0  entry8b.o(.ARM.Collect$$$$0000000A)
    .ARM.Collect$$$$0000000B                 0x00000290   Section        8  entry9a.o(.ARM.Collect$$$$0000000B)
    .ARM.Collect$$$$0000000D                 0x00000298   Section        0  entry10a.o(.ARM.Collect$$$$0000000D)
    .ARM.Collect$$$$0000000F                 0x00000298   Section        0  entry11a.o(.ARM.Collect$$$$0000000F)
    .ARM.Collect$$$$00002712                 0x00000298   Section        4  entry2.o(.ARM.Collect$$$$00002712)
    __lit__00000000                          0x00000298   Data           4  entry2.o(.ARM.Collect$$$$00002712)
    .emb_text                                0x0000029c   Section        6  sysctl.o(.emb_text)
    $v0                                      0x0000029c   Number         0  sysctl.o(.emb_text)
    .emb_text                                0x000002a4   Section       38  cpu.o(.emb_text)
    $v0                                      0x000002a4   Number         0  cpu.o(.emb_text)
    .text                                    0x000002ca   Section        0  memcpya.o(.text)
    .text                                    0x000002ee   Section        0  memseta.o(.text)
    .text                                    0x00000312   Section        0  d2f.o(.text)
    .text                                    0x0000034c   Section        0  strtod.o(.text)
    _local_sscanf                            0x0000034d   Thumb Code    54  strtod.o(.text)
    .text                                    0x000003e8   Section        0  fepilogue.o(.text)
    .text                                    0x000003e8   Section        0  iusefp.o(.text)
    .text                                    0x00000458   Section       36  init.o(.text)
    .text                                    0x0000047c   Section        0  isspace_c.o(.text)
    .text                                    0x00000488   Section        0  scanf_fp.o(.text)
    _fp_value                                0x00000489   Thumb Code   256  scanf_fp.o(.text)
    .text                                    0x000007c0   Section        0  _sgetc.o(.text)
    .text                                    0x00000800   Section        0  ctype_c.o(.text)
    .text                                    0x00000828   Section        0  dmul.o(.text)
    .text                                    0x0000090c   Section        0  ddiv.o(.text)
    .text                                    0x000009ea   Section        0  dfltul.o(.text)
    .text                                    0x00000a02   Section        0  depilogue.o(.text)
    .text                                    0x00000abc   Section        0  llshl.o(.text)
    .text                                    0x00000ada   Section        0  llushr.o(.text)
    i.Board_Init                             0x00000afc   Section        0  launchpadswitches.o(i.Board_Init)
    i.CC3100_InterruptEnable                 0x00000b60   Section        0  board.o(i.CC3100_InterruptEnable)
    i.CC3100_disable                         0x00000b6c   Section        0  board.o(i.CC3100_disable)
    i.CC3100_enable                          0x00000b80   Section        0  board.o(i.CC3100_enable)
    i.CMD_help                               0x00000b94   Section        0  starter.o(i.CMD_help)
    i.CMD_ping                               0x00000c0c   Section        0  starter.o(i.CMD_ping)
    i.ConfigureUART                          0x00000cdc   Section        0  starter.o(i.ConfigureUART)
    i.CopyPingResultsToReport                0x00000d38   Section        0  netapp.o(i.CopyPingResultsToReport)
    i.Delay1ms                               0x00000d52   Section        0  st7735.o(i.Delay1ms)
    i.FPUEnable                              0x00000d6c   Section        0  fpu.o(i.FPUEnable)
    i.FPULazyStackingEnable                  0x00000d7c   Section        0  fpu.o(i.FPULazyStackingEnable)
    i.GPIOB_intHandler                       0x00000d8c   Section        0  board.o(i.GPIOB_intHandler)
    i.GPIODirModeSet                         0x00000dc0   Section        0  gpio.o(i.GPIODirModeSet)
    i.GPIOIntClear                           0x00000de8   Section        0  gpio.o(i.GPIOIntClear)
    i.GPIOIntDisable                         0x00000dee   Section        0  gpio.o(i.GPIOIntDisable)
    i.GPIOIntEnable                          0x00000dfc   Section        0  gpio.o(i.GPIOIntEnable)
    i.GPIOIntStatus                          0x00000e08   Section        0  gpio.o(i.GPIOIntStatus)
    i.GPIOIntTypeSet                         0x00000e16   Section        0  gpio.o(i.GPIOIntTypeSet)
    i.GPIOPadConfigSet                       0x00000e66   Section        0  gpio.o(i.GPIOPadConfigSet)
    i.GPIOPinConfigure                       0x00000fa0   Section        0  gpio.o(i.GPIOPinConfigure)
    i.GPIOPinTypeGPIOInput                   0x00000fe4   Section        0  gpio.o(i.GPIOPinTypeGPIOInput)
    i.GPIOPinTypeSSI                         0x00001000   Section        0  gpio.o(i.GPIOPinTypeSSI)
    i.GPIOPinWrite                           0x0000101c   Section        0  gpio.o(i.GPIOPinWrite)
    i.GetStartResponseConvert                0x00001022   Section        0  device.o(i.GetStartResponseConvert)
    i.IntEnable                              0x00001068   Section        0  interrupt.o(i.IntEnable)
    i.IntMasterEnable                        0x000010cc   Section        0  interrupt.o(i.IntMasterEnable)
    i.IsBufferEmpty                          0x000010da   Section        0  uartstdio.o(i.IsBufferEmpty)
    IsBufferEmpty                            0x000010db   Thumb Code    16  uartstdio.o(i.IsBufferEmpty)
    i.IsBufferFull                           0x000010ea   Section        0  uartstdio.o(i.IsBufferFull)
    IsBufferFull                             0x000010eb   Thumb Code    26  uartstdio.o(i.IsBufferFull)
    i.PWM_Duty_PF0                           0x00001104   Section        0  newpwm.o(i.PWM_Duty_PF0)
    i.PWM_Duty_PF1                           0x00001114   Section        0  newpwm.o(i.PWM_Duty_PF1)
    i.PWM_Duty_PF2                           0x00001124   Section        0  newpwm.o(i.PWM_Duty_PF2)
    i.PWM_Init_PF0                           0x00001134   Section        0  newpwm.o(i.PWM_Init_PF0)
    i.SSIConfigSetExpClk                     0x000011dc   Section        0  ssi.o(i.SSIConfigSetExpClk)
    i.SSIDataGetNonBlocking                  0x00001216   Section        0  ssi.o(i.SSIDataGetNonBlocking)
    i.SSIDataPutNonBlocking                  0x0000122a   Section        0  ssi.o(i.SSIDataPutNonBlocking)
    i.SSIEnable                              0x0000123a   Section        0  ssi.o(i.SSIEnable)
    i.ST7735_Color565                        0x00001244   Section        0  st7735.o(i.ST7735_Color565)
    i.ST7735_DrawCharS                       0x00001258   Section        0  st7735.o(i.ST7735_DrawCharS)
    i.ST7735_DrawPixel                       0x00001314   Section        0  st7735.o(i.ST7735_DrawPixel)
    i.ST7735_DrawString                      0x00001354   Section        0  st7735.o(i.ST7735_DrawString)
    i.ST7735_FillRect                        0x000013a8   Section        0  st7735.o(i.ST7735_FillRect)
    i.ST7735_FillScreen                      0x00001420   Section        0  st7735.o(i.ST7735_FillScreen)
    i.ST7735_InitR                           0x0000143c   Section        0  st7735.o(i.ST7735_InitR)
    i.ST7735_OutChar                         0x000014a4   Section        0  st7735.o(i.ST7735_OutChar)
    i.ST7735_OutString                       0x00001548   Section        0  st7735.o(i.ST7735_OutString)
    i.ST7735_PlotClear                       0x0000155c   Section        0  st7735.o(i.ST7735_PlotClear)
    i.ST7735_SetCursor                       0x00001598   Section        0  st7735.o(i.ST7735_SetCursor)
    i.SimpleLinkHttpServerCallback           0x000015ac   Section        0  starter.o(i.SimpleLinkHttpServerCallback)
    i.SimpleLinkNetAppEventHandler           0x000015dc   Section        0  starter.o(i.SimpleLinkNetAppEventHandler)
    i.SimpleLinkPingReport                   0x000016e0   Section        0  starter.o(i.SimpleLinkPingReport)
    SimpleLinkPingReport                     0x000016e1   Thumb Code    48  starter.o(i.SimpleLinkPingReport)
    i.SimpleLinkWlanEventHandler             0x00001730   Section        0  starter.o(i.SimpleLinkWlanEventHandler)
    i.SysCtlClockGet                         0x00001858   Section        0  sysctl.o(i.SysCtlClockGet)
    i.SysCtlClockSet                         0x000019ac   Section        0  sysctl.o(i.SysCtlClockSet)
    i.SysCtlPeripheralEnable                 0x00001acc   Section        0  sysctl.o(i.SysCtlPeripheralEnable)
    i.UARTClockSourceSet                     0x00001af4   Section        0  uart.o(i.UARTClockSourceSet)
    i.UARTFlushRx                            0x00001afc   Section        0  uartstdio.o(i.UARTFlushRx)
    i.UARTFlushTx                            0x00001b24   Section        0  uartstdio.o(i.UARTFlushTx)
    i.UARTPrimeTransmit                      0x00001b5c   Section        0  uartstdio.o(i.UARTPrimeTransmit)
    UARTPrimeTransmit                        0x00001b5d   Thumb Code   108  uartstdio.o(i.UARTPrimeTransmit)
    i.UARTStdioConfig                        0x00001bd4   Section        0  uartstdio.o(i.UARTStdioConfig)
    i.UARTStdioIntHandler                    0x00001c6c   Section        0  uartstdio.o(i.UARTStdioIntHandler)
    i.UARTprintf                             0x00001d74   Section        0  uartstdio.o(i.UARTprintf)
    i.UARTvprintf                            0x00001d88   Section        0  uartstdio.o(i.UARTvprintf)
    i.UARTwrite                              0x00001f3c   Section        0  uartstdio.o(i.UARTwrite)
    i.WlanConnect                            0x00001fcc   Section        0  starter.o(i.WlanConnect)
    i._SlAsyncEventGenericHandler            0x00002010   Section        0  driver.o(i._SlAsyncEventGenericHandler)
    i._SlDrvBasicCmd                         0x00002304   Section        0  driver.o(i._SlDrvBasicCmd)
    i._SlDrvClassifyRxMsg                    0x0000232c   Section        0  driver.o(i._SlDrvClassifyRxMsg)
    i._SlDrvCmdOp                            0x000023bc   Section        0  driver.o(i._SlDrvCmdOp)
    i._SlDrvCmdSend                          0x00002410   Section        0  driver.o(i._SlDrvCmdSend)
    i._SlDrvDataReadOp                       0x0000242c   Section        0  driver.o(i._SlDrvDataReadOp)
    i._SlDrvDeviceEventHandler               0x00002578   Section        0  device.o(i._SlDrvDeviceEventHandler)
    i._SlDrvDriverCBInit                     0x00002594   Section        0  driver.o(i._SlDrvDriverCBInit)
    i._SlDrvFlowContInit                     0x00002624   Section        0  flowcont.o(i._SlDrvFlowContInit)
    i._SlDrvMsgRead                          0x00002654   Section        0  driver.o(i._SlDrvMsgRead)
    i._SlDrvMsgReadCmdCtx                    0x000029a4   Section        0  driver.o(i._SlDrvMsgReadCmdCtx)
    i._SlDrvMsgReadSpawnCtx                  0x00002a4c   Section        0  driver.o(i._SlDrvMsgReadSpawnCtx)
    i._SlDrvMsgWrite                         0x00002adc   Section        0  driver.o(i._SlDrvMsgWrite)
    i._SlDrvNetAppEventHandler               0x00002bcc   Section        0  netapp.o(i._SlDrvNetAppEventHandler)
    i._SlDrvObjInit                          0x00002c98   Section        0  driver.o(i._SlDrvObjInit)
    i._SlDrvReleasePoolObj                   0x00002cd4   Section        0  driver.o(i._SlDrvReleasePoolObj)
    i._SlDrvRxHdrRead                        0x00002db8   Section        0  driver.o(i._SlDrvRxHdrRead)
    i._SlDrvRxIrqHandler                     0x00002ee0   Section        0  driver.o(i._SlDrvRxIrqHandler)
    i._SlDrvShiftDWord                       0x00002f20   Section        0  driver.o(i._SlDrvShiftDWord)
    i._SlDrvWaitForPoolObj                   0x00002f38   Section        0  driver.o(i._SlDrvWaitForPoolObj)
    i._SlFindAndSetActiveObj                 0x0000303c   Section        0  driver.o(i._SlFindAndSetActiveObj)
    i._SlNonOsMainLoopTask                   0x000030d4   Section        0  nonos.o(i._SlNonOsMainLoopTask)
    i._SlNonOsSemGet                         0x00003114   Section        0  nonos.o(i._SlNonOsSemGet)
    i._SlNonOsSemSet                         0x00003146   Section        0  nonos.o(i._SlNonOsSemSet)
    i._SlNonOsSpawn                          0x0000314c   Section        0  nonos.o(i._SlNonOsSpawn)
    i._SlRemoveFromList                      0x00003170   Section        0  driver.o(i._SlRemoveFromList)
    i.__hardfp_atof                          0x000031c8   Section        0  atof.o(i.__hardfp_atof)
    i.__read_errno                           0x00003200   Section        0  errno.o(i.__read_errno)
    i.__scatterload_copy                     0x0000320c   Section       14  handlers.o(i.__scatterload_copy)
    i.__scatterload_null                     0x0000321a   Section        2  handlers.o(i.__scatterload_null)
    i.__scatterload_zeroinit                 0x0000321c   Section       14  handlers.o(i.__scatterload_zeroinit)
    i.__set_errno                            0x0000322c   Section        0  errno.o(i.__set_errno)
    i._is_digit                              0x00003238   Section        0  scanf_fp.o(i._is_digit)
    i._sl_BuildAddress                       0x00003246   Section        0  socket.o(i._sl_BuildAddress)
    i._sl_HandleAsync_Accept                 0x0000326c   Section        0  socket.o(i._sl_HandleAsync_Accept)
    i._sl_HandleAsync_Connect                0x000032e0   Section        0  socket.o(i._sl_HandleAsync_Connect)
    i._sl_HandleAsync_DnsGetHostByName       0x0000335c   Section        0  netapp.o(i._sl_HandleAsync_DnsGetHostByName)
    i._sl_HandleAsync_DnsGetHostByService    0x000033d0   Section        0  netapp.o(i._sl_HandleAsync_DnsGetHostByService)
    i._sl_HandleAsync_InitComplete           0x00003438   Section        0  device.o(i._sl_HandleAsync_InitComplete)
    i._sl_HandleAsync_PingResponse           0x000034bc   Section        0  netapp.o(i._sl_HandleAsync_PingResponse)
    i._sl_HandleAsync_Select                 0x0000353c   Section        0  socket.o(i._sl_HandleAsync_Select)
    i._sl_HandleAsync_Stop                   0x000035a0   Section        0  device.o(i._sl_HandleAsync_Stop)
    i.commandList                            0x00003600   Section        0  st7735.o(i.commandList)
    commandList                              0x00003601   Thumb Code    74  st7735.o(i.commandList)
    i.commonInit                             0x0000364c   Section        0  st7735.o(i.commonInit)
    commonInit                               0x0000364d   Thumb Code   272  st7735.o(i.commonInit)
    i.initClk                                0x00003784   Section        0  board.o(i.initClk)
    i.main                                   0x0000379c   Section        0  starter.o(i.main)
    i.map                                    0x00003a8c   Section        0  newpwm.o(i.map)
    i.pushColor                              0x00003a8e   Section        0  st7735.o(i.pushColor)
    pushColor                                0x00003a8f   Thumb Code    20  st7735.o(i.pushColor)
    i.registerInterruptHandler               0x00003aa4   Section        0  board.o(i.registerInterruptHandler)
    i.setAddrWindow                          0x00003ab0   Section        0  st7735.o(i.setAddrWindow)
    setAddrWindow                            0x00003ab1   Thumb Code   102  st7735.o(i.setAddrWindow)
    i.sl_Bind                                0x00003b1c   Section        0  socket.o(i.sl_Bind)
    i.sl_Close                               0x00003b7c   Section        0  socket.o(i.sl_Close)
    i.sl_Htons                               0x00003b9c   Section        0  socket.o(i.sl_Htons)
    i.sl_NetAppPingStart                     0x00003bcc   Section        0  netapp.o(i.sl_NetAppPingStart)
    i.sl_NetAppSendTokenValue                0x00003cdc   Section        0  netapp.o(i.sl_NetAppSendTokenValue)
    i.sl_NetCfgGet                           0x00003d2c   Section        0  netcfg.o(i.sl_NetCfgGet)
    i.sl_RecvFrom                            0x00003d98   Section        0  socket.o(i.sl_RecvFrom)
    i.sl_Socket                              0x00003e3c   Section        0  socket.o(i.sl_Socket)
    i.sl_Start                               0x00003e6c   Section        0  device.o(i.sl_Start)
    i.sl_WlanConnect                         0x00003f24   Section        0  wlan.o(i.sl_WlanConnect)
    i.spi_Open                               0x000040c8   Section        0  spi.o(i.spi_Open)
    i.spi_Read                               0x000041c8   Section        0  spi.o(i.spi_Read)
    i.spi_Write                              0x00004220   Section        0  spi.o(i.spi_Write)
    i.stopWDT                                0x00004274   Section        0  board.o(i.stopWDT)
    i.writecommand                           0x00004278   Section        0  st7735.o(i.writecommand)
    writecommand                             0x00004279   Thumb Code    28  st7735.o(i.writecommand)
    i.writedata                              0x00004298   Section        0  st7735.o(i.writedata)
    writedata                                0x00004299   Thumb Code    22  st7735.o(i.writedata)
    .constdata                               0x000042b4   Section       72  driver.o(.constdata)
    .constdata                               0x000042fc   Section       40  netapp.o(.constdata)
    .constdata                               0x00004324   Section        8  netcfg.o(.constdata)
    .constdata                               0x0000432c   Section       48  socket.o(.constdata)
    .constdata                               0x0000435c   Section       40  uartstdio.o(.constdata)
    g_pcHex                                  0x0000435c   Data           4  uartstdio.o(.constdata)
    g_ui32UARTBase                           0x00004360   Data          12  uartstdio.o(.constdata)
    g_ui32UARTInt                            0x0000436c   Data          12  uartstdio.o(.constdata)
    g_ui32UARTPeriph                         0x00004378   Data          12  uartstdio.o(.constdata)
    .constdata                               0x00004384   Section     2018  st7735.o(.constdata)
    Font                                     0x00004384   Data        1275  st7735.o(.constdata)
    Bcmd                                     0x0000487f   Data         103  st7735.o(.constdata)
    Rcmd1                                    0x000048e6   Data          59  st7735.o(.constdata)
    Rcmd2green                               0x00004921   Data          13  st7735.o(.constdata)
    Rcmd2red                                 0x0000492e   Data          13  st7735.o(.constdata)
    Rcmd3                                    0x0000493b   Data          43  st7735.o(.constdata)
    .constdata                               0x00004b68   Section      552  gpio.o(.constdata)
    g_ppui32GPIOIntMapBlizzard               0x00004b68   Data         192  gpio.o(.constdata)
    g_ppui32GPIOIntMapSnowflake              0x00004c28   Data         216  gpio.o(.constdata)
    g_pui32GPIOBaseAddrs                     0x00004d00   Data         144  gpio.o(.constdata)
    .constdata                               0x00004d90   Section      268  interrupt.o(.constdata)
    g_pui32Priority                          0x00004d90   Data          32  interrupt.o(.constdata)
    g_pui32Regs                              0x00004db0   Data         156  interrupt.o(.constdata)
    g_pui32EnRegs                            0x00004e4c   Data          20  interrupt.o(.constdata)
    g_pui32Dii16Regs                         0x00004e60   Data          20  interrupt.o(.constdata)
    g_pui32PendRegs                          0x00004e74   Data          20  interrupt.o(.constdata)
    g_pui32UnpendRegs                        0x00004e88   Data          20  interrupt.o(.constdata)
    .constdata                               0x00004e9c   Section      596  sysctl.o(.constdata)
    g_pui32VCOFrequencies                    0x00004e9c   Data           8  sysctl.o(.constdata)
    g_pui32Xtals                             0x00004ea4   Data         108  sysctl.o(.constdata)
    g_pppui32XTALtoVCO                       0x00004f10   Data         432  sysctl.o(.constdata)
    g_sXTALtoMEMTIM                          0x000050c0   Data          48  sysctl.o(.constdata)
    .constdata                               0x000050f0   Section       64  ctype_c.o(.constdata)
    .conststring                             0x00005130   Section      229  starter.o(.conststring)
    .conststring                             0x00005218   Section       17  uartstdio.o(.conststring)
    .data                                    0x20000000   Section        8  board.o(.data)
    .data                                    0x20000008   Section        4  driver.o(.data)
    .data                                    0x2000000c   Section        4  driver.o(.data)
    .data                                    0x20000010   Section       44  starter.o(.data)
    .data                                    0x2000003c   Section       28  uartstdio.o(.data)
    bLastWasCR                               0x2000003c   Data           1  uartstdio.o(.data)
    g_bDisableEcho                           0x2000003d   Data           1  uartstdio.o(.data)
    g_ui32UARTTxWriteIndex                   0x20000040   Data           4  uartstdio.o(.data)
    g_ui32UARTTxReadIndex                    0x20000044   Data           4  uartstdio.o(.data)
    g_ui32UARTRxWriteIndex                   0x20000048   Data           4  uartstdio.o(.data)
    g_ui32UARTRxReadIndex                    0x2000004c   Data           4  uartstdio.o(.data)
    g_ui32Base                               0x20000050   Data           4  uartstdio.o(.data)
    g_ui32PortNum                            0x20000054   Data           4  uartstdio.o(.data)
    .data                                    0x20000058   Section       44  st7735.o(.data)
    ColStart                                 0x20000058   Data           1  st7735.o(.data)
    RowStart                                 0x20000059   Data           1  st7735.o(.data)
    Rotation                                 0x2000005a   Data           1  st7735.o(.data)
    TabColor                                 0x2000005b   Data           1  st7735.o(.data)
    _width                                   0x2000005e   Data           2  st7735.o(.data)
    _height                                  0x20000060   Data           2  st7735.o(.data)
    .data                                    0x20000084   Section        4  errno.o(.data)
    _errno                                   0x20000084   Data           4  errno.o(.data)
    .bss                                     0x20000088   Section      356  driver.o(.bss)
    .bss                                     0x200001ec   Section       40  nonos.o(.bss)
    .bss                                     0x20000214   Section       12  starter.o(.bss)
    .bss                                     0x20000220   Section     1152  uartstdio.o(.bss)
    g_pcUARTTxBuffer                         0x20000220   Data        1024  uartstdio.o(.bss)
    g_pcUARTRxBuffer                         0x20000620   Data         128  uartstdio.o(.bss)
    STACK                                    0x200006a0   Section    16384  startup_rvmdk.o(STACK)
    StackMem                                 0x200006a0   Data           0  startup_rvmdk.o(STACK)

    Global Symbols

    Symbol Name                              Value     Ov Type        Size  Object(Section)

    BuildAttributes$$THM_ISAv4$E$P$D$K$B$S$7EM$VFPi3$EXTD16$VFPS$VFMA$PE$A:L22UL41UL21$X:L11$S22US41US21$IEEE1$IW$USESV6$~STKCKD$USESV7$~SHL$OTIME$ROPI$IEEEJ$EBA8$MICROLIB$REQ8$PRES8$EABIv2 0x00000000   Number         0  anon$$obj.o ABSOLUTE
    __ARM_use_no_argv                        0x00000000   Number         0  starter.o ABSOLUTE
    __Vectors                                0x00000000   Data           0  startup_rvmdk.o(RESET)
    __cpp_initialize__aeabi_                  - Undefined Weak Reference
    __cxa_finalize                            - Undefined Weak Reference
    __decompress                              - Undefined Weak Reference
    _clock_init                               - Undefined Weak Reference
    _microlib_exit                            - Undefined Weak Reference
    Reset_Handler                            0x0000026d   Thumb Code     0  startup_rvmdk.o(RESET)
    __main                                   0x00000289   Thumb Code     0  entry.o(.ARM.Collect$$$$00000000)
    _main_stk                                0x00000289   Thumb Code     0  entry2.o(.ARM.Collect$$$$00000001)
    _main_scatterload                        0x0000028d   Thumb Code     0  entry5.o(.ARM.Collect$$$$00000004)
    __main_after_scatterload                 0x00000291   Thumb Code     0  entry5.o(.ARM.Collect$$$$00000004)
    _main_clock                              0x00000291   Thumb Code     0  entry7b.o(.ARM.Collect$$$$00000008)
    _main_cpp_init                           0x00000291   Thumb Code     0  entry8b.o(.ARM.Collect$$$$0000000A)
    _main_init                               0x00000291   Thumb Code     0  entry9a.o(.ARM.Collect$$$$0000000B)
    __rt_final_cpp                           0x00000299   Thumb Code     0  entry10a.o(.ARM.Collect$$$$0000000D)
    __rt_final_exit                          0x00000299   Thumb Code     0  entry11a.o(.ARM.Collect$$$$0000000F)
    SysCtlDelay                              0x0000029d   Thumb Code     6  sysctl.o(.emb_text)
    CPUcpsid                                 0x000002a5   Thumb Code     8  cpu.o(.emb_text)
    CPUprimask                               0x000002ad   Thumb Code     6  cpu.o(.emb_text)
    CPUcpsie                                 0x000002b3   Thumb Code     8  cpu.o(.emb_text)
    CPUwfi                                   0x000002bb   Thumb Code     4  cpu.o(.emb_text)
    CPUbasepriSet                            0x000002bf   Thumb Code     6  cpu.o(.emb_text)
    CPUbasepriGet                            0x000002c5   Thumb Code     6  cpu.o(.emb_text)
    __aeabi_memcpy                           0x000002cb   Thumb Code    36  memcpya.o(.text)
    __aeabi_memcpy4                          0x000002cb   Thumb Code     0  memcpya.o(.text)
    __aeabi_memcpy8                          0x000002cb   Thumb Code     0  memcpya.o(.text)
    __aeabi_memset                           0x000002ef   Thumb Code    14  memseta.o(.text)
    __aeabi_memset4                          0x000002ef   Thumb Code     0  memseta.o(.text)
    __aeabi_memset8                          0x000002ef   Thumb Code     0  memseta.o(.text)
    __aeabi_memclr                           0x000002fd   Thumb Code     4  memseta.o(.text)
    __aeabi_memclr4                          0x000002fd   Thumb Code     0  memseta.o(.text)
    __aeabi_memclr8                          0x000002fd   Thumb Code     0  memseta.o(.text)
    _memset$wrapper                          0x00000301   Thumb Code    18  memseta.o(.text)
    __aeabi_d2f                              0x00000313   Thumb Code    56  d2f.o(.text)
    __strtod_int                             0x00000383   Thumb Code    90  strtod.o(.text)
    __I$use$fp                               0x000003e9   Thumb Code     0  iusefp.o(.text)
    _float_round                             0x000003e9   Thumb Code    18  fepilogue.o(.text)
    _float_epilogue                          0x000003fb   Thumb Code    92  fepilogue.o(.text)
    __scatterload                            0x00000459   Thumb Code    28  init.o(.text)
    __scatterload_rt2                        0x00000459   Thumb Code     0  init.o(.text)
    isspace                                  0x0000047d   Thumb Code    10  isspace_c.o(.text)
    _scanf_real                              0x00000589   Thumb Code     0  scanf_fp.o(.text)
    _scanf_really_real                       0x00000589   Thumb Code   556  scanf_fp.o(.text)
    _sgetc                                   0x000007c1   Thumb Code    30  _sgetc.o(.text)
    _sbackspace                              0x000007df   Thumb Code    34  _sgetc.o(.text)
    __ctype_lookup                           0x00000801   Thumb Code    34  ctype_c.o(.text)
    __aeabi_dmul                             0x00000829   Thumb Code   228  dmul.o(.text)
    __aeabi_ddiv                             0x0000090d   Thumb Code   222  ddiv.o(.text)
    __aeabi_ul2d                             0x000009eb   Thumb Code    24  dfltul.o(.text)
    _double_round                            0x00000a03   Thumb Code    30  depilogue.o(.text)
    _double_epilogue                         0x00000a21   Thumb Code   156  depilogue.o(.text)
    __aeabi_llsl                             0x00000abd   Thumb Code    30  llshl.o(.text)
    _ll_shift_l                              0x00000abd   Thumb Code     0  llshl.o(.text)
    __aeabi_llsr                             0x00000adb   Thumb Code    32  llushr.o(.text)
    _ll_ushift_r                             0x00000adb   Thumb Code     0  llushr.o(.text)
    Board_Init                               0x00000afd   Thumb Code    78  launchpadswitches.o(i.Board_Init)
    CC3100_InterruptEnable                   0x00000b61   Thumb Code     8  board.o(i.CC3100_InterruptEnable)
    CC3100_disable                           0x00000b6d   Thumb Code    16  board.o(i.CC3100_disable)
    CC3100_enable                            0x00000b81   Thumb Code    16  board.o(i.CC3100_enable)
    CMD_help                                 0x00000b95   Thumb Code    56  starter.o(i.CMD_help)
    CMD_ping                                 0x00000c0d   Thumb Code   126  starter.o(i.CMD_ping)
    ConfigureUART                            0x00000cdd   Thumb Code    76  starter.o(i.ConfigureUART)
    CopyPingResultsToReport                  0x00000d39   Thumb Code    26  netapp.o(i.CopyPingResultsToReport)
    Delay1ms                                 0x00000d53   Thumb Code    26  st7735.o(i.Delay1ms)
    FPUEnable                                0x00000d6d   Thumb Code    12  fpu.o(i.FPUEnable)
    FPULazyStackingEnable                    0x00000d7d   Thumb Code    12  fpu.o(i.FPULazyStackingEnable)
    GPIOB_intHandler                         0x00000d8d   Thumb Code    44  board.o(i.GPIOB_intHandler)
    GPIODirModeSet                           0x00000dc1   Thumb Code    40  gpio.o(i.GPIODirModeSet)
    GPIOIntClear                             0x00000de9   Thumb Code     6  gpio.o(i.GPIOIntClear)
    GPIOIntDisable                           0x00000def   Thumb Code    14  gpio.o(i.GPIOIntDisable)
    GPIOIntEnable                            0x00000dfd   Thumb Code    12  gpio.o(i.GPIOIntEnable)
    GPIOIntStatus                            0x00000e09   Thumb Code    14  gpio.o(i.GPIOIntStatus)
    GPIOIntTypeSet                           0x00000e17   Thumb Code    80  gpio.o(i.GPIOIntTypeSet)
    GPIOPadConfigSet                         0x00000e67   Thumb Code   312  gpio.o(i.GPIOPadConfigSet)
    GPIOPinConfigure                         0x00000fa1   Thumb Code    60  gpio.o(i.GPIOPinConfigure)
    GPIOPinTypeGPIOInput                     0x00000fe5   Thumb Code    28  gpio.o(i.GPIOPinTypeGPIOInput)
    GPIOPinTypeSSI                           0x00001001   Thumb Code    28  gpio.o(i.GPIOPinTypeSSI)
    GPIOPinWrite                             0x0000101d   Thumb Code     6  gpio.o(i.GPIOPinWrite)
    GetStartResponseConvert                  0x00001023   Thumb Code    68  device.o(i.GetStartResponseConvert)
    IntEnable                                0x00001069   Thumb Code    92  interrupt.o(i.IntEnable)
    IntMasterEnable                          0x000010cd   Thumb Code    14  interrupt.o(i.IntMasterEnable)
    PWM_Duty_PF0                             0x00001105   Thumb Code    10  newpwm.o(i.PWM_Duty_PF0)
    PWM_Duty_PF1                             0x00001115   Thumb Code    10  newpwm.o(i.PWM_Duty_PF1)
    PWM_Duty_PF2                             0x00001125   Thumb Code    10  newpwm.o(i.PWM_Duty_PF2)
    PWM_Init_PF0                             0x00001135   Thumb Code   142  newpwm.o(i.PWM_Init_PF0)
    SSIConfigSetExpClk                       0x000011dd   Thumb Code    58  ssi.o(i.SSIConfigSetExpClk)
    SSIDataGetNonBlocking                    0x00001217   Thumb Code    20  ssi.o(i.SSIDataGetNonBlocking)
    SSIDataPutNonBlocking                    0x0000122b   Thumb Code    16  ssi.o(i.SSIDataPutNonBlocking)
    SSIEnable                                0x0000123b   Thumb Code    10  ssi.o(i.SSIEnable)
    ST7735_Color565                          0x00001245   Thumb Code    20  st7735.o(i.ST7735_Color565)
    ST7735_DrawCharS                         0x00001259   Thumb Code   178  st7735.o(i.ST7735_DrawCharS)
    ST7735_DrawPixel                         0x00001315   Thumb Code    58  st7735.o(i.ST7735_DrawPixel)
    ST7735_DrawString                        0x00001355   Thumb Code    82  st7735.o(i.ST7735_DrawString)
    ST7735_FillRect                          0x000013a9   Thumb Code   116  st7735.o(i.ST7735_FillRect)
    ST7735_FillScreen                        0x00001421   Thumb Code    24  st7735.o(i.ST7735_FillScreen)
    ST7735_InitR                             0x0000143d   Thumb Code    94  st7735.o(i.ST7735_InitR)
    ST7735_OutChar                           0x000014a5   Thumb Code   134  st7735.o(i.ST7735_OutChar)
    ST7735_OutString                         0x00001549   Thumb Code    20  st7735.o(i.ST7735_OutString)
    ST7735_PlotClear                         0x0000155d   Thumb Code    56  st7735.o(i.ST7735_PlotClear)
    ST7735_SetCursor                         0x00001599   Thumb Code    16  st7735.o(i.ST7735_SetCursor)
    SimpleLinkHttpServerCallback             0x000015ad   Thumb Code     6  starter.o(i.SimpleLinkHttpServerCallback)
    SimpleLinkNetAppEventHandler             0x000015dd   Thumb Code    54  starter.o(i.SimpleLinkNetAppEventHandler)
    SimpleLinkWlanEventHandler               0x00001731   Thumb Code    66  starter.o(i.SimpleLinkWlanEventHandler)
    SysCtlClockGet                           0x00001859   Thumb Code   304  sysctl.o(i.SysCtlClockGet)
    SysCtlClockSet                           0x000019ad   Thumb Code   270  sysctl.o(i.SysCtlClockSet)
    SysCtlPeripheralEnable                   0x00001acd   Thumb Code    36  sysctl.o(i.SysCtlPeripheralEnable)
    UARTClockSourceSet                       0x00001af5   Thumb Code     6  uart.o(i.UARTClockSourceSet)
    UARTFlushRx                              0x00001afd   Thumb Code    36  uartstdio.o(i.UARTFlushRx)
    UARTFlushTx                              0x00001b25   Thumb Code    52  uartstdio.o(i.UARTFlushTx)
    UARTStdioConfig                          0x00001bd5   Thumb Code   142  uartstdio.o(i.UARTStdioConfig)
    UARTStdioIntHandler                      0x00001c6d   Thumb Code   248  uartstdio.o(i.UARTStdioIntHandler)
    UARTprintf                               0x00001d75   Thumb Code    18  uartstdio.o(i.UARTprintf)
    UARTvprintf                              0x00001d89   Thumb Code   420  uartstdio.o(i.UARTvprintf)
    UARTwrite                                0x00001f3d   Thumb Code   134  uartstdio.o(i.UARTwrite)
    WlanConnect                              0x00001fcd   Thumb Code    50  starter.o(i.WlanConnect)
    _SlAsyncEventGenericHandler              0x00002011   Thumb Code   750  driver.o(i._SlAsyncEventGenericHandler)
    _SlDrvBasicCmd                           0x00002305   Thumb Code    40  driver.o(i._SlDrvBasicCmd)
    _SlDrvClassifyRxMsg                      0x0000232d   Thumb Code   124  driver.o(i._SlDrvClassifyRxMsg)
    _SlDrvCmdOp                              0x000023bd   Thumb Code    80  driver.o(i._SlDrvCmdOp)
    _SlDrvCmdSend                            0x00002411   Thumb Code    24  driver.o(i._SlDrvCmdSend)
    _SlDrvDataReadOp                         0x0000242d   Thumb Code   324  driver.o(i._SlDrvDataReadOp)
    _SlDrvDeviceEventHandler                 0x00002579   Thumb Code    26  device.o(i._SlDrvDeviceEventHandler)
    _SlDrvDriverCBInit                       0x00002595   Thumb Code   134  driver.o(i._SlDrvDriverCBInit)
    _SlDrvFlowContInit                       0x00002625   Thumb Code    42  flowcont.o(i._SlDrvFlowContInit)
    _SlDrvMsgRead                            0x00002655   Thumb Code   840  driver.o(i._SlDrvMsgRead)
    _SlDrvMsgReadCmdCtx                      0x000029a5   Thumb Code   158  driver.o(i._SlDrvMsgReadCmdCtx)
    _SlDrvMsgReadSpawnCtx                    0x00002a4d   Thumb Code   138  driver.o(i._SlDrvMsgReadSpawnCtx)
    _SlDrvMsgWrite                           0x00002add   Thumb Code   232  driver.o(i._SlDrvMsgWrite)
    _SlDrvNetAppEventHandler                 0x00002bcd   Thumb Code   202  netapp.o(i._SlDrvNetAppEventHandler)
    _SlDrvObjInit                            0x00002c99   Thumb Code    56  driver.o(i._SlDrvObjInit)
    _SlDrvReleasePoolObj                     0x00002cd5   Thumb Code   222  driver.o(i._SlDrvReleasePoolObj)
    _SlDrvRxHdrRead                          0x00002db9   Thumb Code   280  driver.o(i._SlDrvRxHdrRead)
    _SlDrvRxIrqHandler                       0x00002ee1   Thumb Code    54  driver.o(i._SlDrvRxIrqHandler)
    _SlDrvShiftDWord                         0x00002f21   Thumb Code    22  driver.o(i._SlDrvShiftDWord)
    _SlDrvWaitForPoolObj                     0x00002f39   Thumb Code   254  driver.o(i._SlDrvWaitForPoolObj)
    _SlFindAndSetActiveObj                   0x0000303d   Thumb Code   144  driver.o(i._SlFindAndSetActiveObj)
    _SlNonOsMainLoopTask                     0x000030d5   Thumb Code    54  nonos.o(i._SlNonOsMainLoopTask)
    _SlNonOsSemGet                           0x00003115   Thumb Code    50  nonos.o(i._SlNonOsSemGet)
    _SlNonOsSemSet                           0x00003147   Thumb Code     6  nonos.o(i._SlNonOsSemSet)
    _SlNonOsSpawn                            0x0000314d   Thumb Code    30  nonos.o(i._SlNonOsSpawn)
    _SlRemoveFromList                        0x00003171   Thumb Code    84  driver.o(i._SlRemoveFromList)
    __hardfp_atof                            0x000031c9   Thumb Code    44  atof.o(i.__hardfp_atof)
    __read_errno                             0x00003201   Thumb Code     6  errno.o(i.__read_errno)
    __scatterload_copy                       0x0000320d   Thumb Code    14  handlers.o(i.__scatterload_copy)
    __scatterload_null                       0x0000321b   Thumb Code     2  handlers.o(i.__scatterload_null)
    __scatterload_zeroinit                   0x0000321d   Thumb Code    14  handlers.o(i.__scatterload_zeroinit)
    __set_errno                              0x0000322d   Thumb Code     6  errno.o(i.__set_errno)
    _is_digit                                0x00003239   Thumb Code    14  scanf_fp.o(i._is_digit)
    _sl_BuildAddress                         0x00003247   Thumb Code    38  socket.o(i._sl_BuildAddress)
    _sl_HandleAsync_Accept                   0x0000326d   Thumb Code   110  socket.o(i._sl_HandleAsync_Accept)
    _sl_HandleAsync_Connect                  0x000032e1   Thumb Code   120  socket.o(i._sl_HandleAsync_Connect)
    _sl_HandleAsync_DnsGetHostByName         0x0000335d   Thumb Code   110  netapp.o(i._sl_HandleAsync_DnsGetHostByName)
    _sl_HandleAsync_DnsGetHostByService      0x000033d1   Thumb Code   100  netapp.o(i._sl_HandleAsync_DnsGetHostByService)
    _sl_HandleAsync_InitComplete             0x00003439   Thumb Code   126  device.o(i._sl_HandleAsync_InitComplete)
    _sl_HandleAsync_PingResponse             0x000034bd   Thumb Code   120  netapp.o(i._sl_HandleAsync_PingResponse)
    _sl_HandleAsync_Select                   0x0000353d   Thumb Code    94  socket.o(i._sl_HandleAsync_Select)
    _sl_HandleAsync_Stop                     0x000035a1   Thumb Code    90  device.o(i._sl_HandleAsync_Stop)
    initClk                                  0x00003785   Thumb Code    20  board.o(i.initClk)
    main                                     0x0000379d   Thumb Code   412  starter.o(i.main)
    map                                      0x00003a8d   Thumb Code     2  newpwm.o(i.map)
    registerInterruptHandler                 0x00003aa5   Thumb Code     8  board.o(i.registerInterruptHandler)
    sl_Bind                                  0x00003b1d   Thumb Code    92  socket.o(i.sl_Bind)
    sl_Close                                 0x00003b7d   Thumb Code    26  socket.o(i.sl_Close)
    sl_Htons                                 0x00003b9d   Thumb Code    48  socket.o(i.sl_Htons)
    sl_NetAppPingStart                       0x00003bcd   Thumb Code   256  netapp.o(i.sl_NetAppPingStart)
    sl_NetAppSendTokenValue                  0x00003cdd   Thumb Code    74  netapp.o(i.sl_NetAppSendTokenValue)
    sl_NetCfgGet                             0x00003d2d   Thumb Code   100  netcfg.o(i.sl_NetCfgGet)
    sl_RecvFrom                              0x00003d99   Thumb Code   158  socket.o(i.sl_RecvFrom)
    sl_Socket                                0x00003e3d   Thumb Code    42  socket.o(i.sl_Socket)
    sl_Start                                 0x00003e6d   Thumb Code   170  device.o(i.sl_Start)
    sl_WlanConnect                           0x00003f25   Thumb Code   414  wlan.o(i.sl_WlanConnect)
    spi_Open                                 0x000040c9   Thumb Code   214  spi.o(i.spi_Open)
    spi_Read                                 0x000041c9   Thumb Code    78  spi.o(i.spi_Read)
    spi_Write                                0x00004221   Thumb Code    76  spi.o(i.spi_Write)
    stopWDT                                  0x00004275   Thumb Code     2  board.o(i.stopWDT)
    g_H2NSyncPattern                         0x000042b4   Data           8  driver.o(.constdata)
    g_H2NCnysPattern                         0x000042bc   Data           8  driver.o(.constdata)
    _SlActionLookupTable                     0x000042c4   Data          56  driver.o(.constdata)
    _SlNetAppStartCtrl                       0x000042fc   Data           4  netapp.o(.constdata)
    _SlNetAppStopCtrl                        0x00004300   Data           4  netapp.o(.constdata)
    _SlGetServiceListeCtrl                   0x00004304   Data           4  netapp.o(.constdata)
    _SlRegisterServiceCtrl                   0x00004308   Data           4  netapp.o(.constdata)
    _SlGetHostByServiceCtrl                  0x0000430c   Data           4  netapp.o(.constdata)
    _SlGetHostByNameCtrl                     0x00004310   Data           4  netapp.o(.constdata)
    _SlNetAppSetCmdCtrl                      0x00004314   Data           4  netapp.o(.constdata)
    _SlNetAppSendTokenValueCmdCtrl           0x00004318   Data           4  netapp.o(.constdata)
    _SlNetAppGetCmdCtrl                      0x0000431c   Data           4  netapp.o(.constdata)
    _SlNetCfgSetCmdCtrl                      0x00004324   Data           4  netcfg.o(.constdata)
    _SlNetCfgGetCmdCtrl                      0x00004328   Data           4  netcfg.o(.constdata)
    _SlSockSocketCmdCtrl                     0x0000432c   Data           4  socket.o(.constdata)
    _SlSockCloseCmdCtrl                      0x00004330   Data           4  socket.o(.constdata)
    _SlRecvfomCmdCtrl                        0x00004334   Data           4  socket.o(.constdata)
    _SlSendCmdCtrl                           0x00004338   Data           4  socket.o(.constdata)
    _SlListenCmdCtrl                         0x0000433c   Data           4  socket.o(.constdata)
    _SlAcceptCmdCtrl                         0x00004340   Data           4  socket.o(.constdata)
    _SlRecvCmdCtrl                           0x00004344   Data           4  socket.o(.constdata)
    _SlSetSockOptCmdCtrl                     0x00004348   Data           4  socket.o(.constdata)
    _SlGetSockOptCmdCtrl                     0x0000434c   Data           4  socket.o(.constdata)
    _SlSelectCmdCtrl                         0x00004350   Data           4  socket.o(.constdata)
    dBfs                                     0x00004966   Data         512  st7735.o(.constdata)
    __ctype_categories                       0x000050f0   Data          64  ctype_c.o(.constdata)
    Region$$Table$$Base                      0x0000522c   Number         0  anon$$obj.o(Region$$Table)
    Region$$Table$$Limit                     0x0000524c   Number         0  anon$$obj.o(Region$$Table)
    IntIsMasked                              0x20000000   Data           1  board.o(.data)
    pIrqEventHandler                         0x20000004   Data           4  board.o(.data)
    g_pCB                                    0x20000008   Data           4  driver.o(.data)
    pPingCallBackFunc                        0x2000000c   Data           4  driver.o(.data)
    g_Status                                 0x20000010   Data           1  starter.o(.data)
    g_PingPacketsRecv                        0x20000014   Data           4  starter.o(.data)
    g_psCmdTable                             0x20000018   Data          36  starter.o(.data)
    StTextColor                              0x2000005c   Data           2  st7735.o(.data)
    StX                                      0x20000064   Data           4  st7735.o(.data)
    StY                                      0x20000068   Data           4  st7735.o(.data)
    lastj                                    0x2000006c   Data           4  st7735.o(.data)
    Messageindex                             0x20000070   Data           4  st7735.o(.data)
    Ymax                                     0x20000074   Data           4  st7735.o(.data)
    Ymin                                     0x20000078   Data           4  st7735.o(.data)
    X                                        0x2000007c   Data           4  st7735.o(.data)
    Yrange                                   0x20000080   Data           4  st7735.o(.data)
    g_StatMem                                0x20000088   Data         356  driver.o(.bss)
    g__SlNonOsCB                             0x200001ec   Data          40  nonos.o(.bss)
    uBuf                                     0x20000214   Data          12  starter.o(.bss)
    __initial_sp                             0x200046a0   Data           0  startup_rvmdk.o(STACK)



==============================================================================

Memory Map of the image

  Image Entry point : 0x0000026d

  Load Region LR_IROM (Base: 0x00000000, Size: 0x000052d4, Max: 0x00040000, ABSOLUTE)

    Execution Region ER_IROM (Base: 0x00000000, Size: 0x0000524c, Max: 0x00040000, ABSOLUTE)

    Base Addr    Size         Type   Attr      Idx    E Section Name        Object

    0x00000000   0x00000288   Code   RO          969  * RESET               startup_rvmdk.o
    0x00000288   0x00000000   Code   RO         3099  * .ARM.Collect$$$$00000000  mc_w.l(entry.o)
    0x00000288   0x00000004   Code   RO         3112    .ARM.Collect$$$$00000001  mc_w.l(entry2.o)
    0x0000028c   0x00000004   Code   RO         3115    .ARM.Collect$$$$00000004  mc_w.l(entry5.o)
    0x00000290   0x00000000   Code   RO         3117    .ARM.Collect$$$$00000008  mc_w.l(entry7b.o)
    0x00000290   0x00000000   Code   RO         3119    .ARM.Collect$$$$0000000A  mc_w.l(entry8b.o)
    0x00000290   0x00000008   Code   RO         3120    .ARM.Collect$$$$0000000B  mc_w.l(entry9a.o)
    0x00000298   0x00000000   Code   RO         3122    .ARM.Collect$$$$0000000D  mc_w.l(entry10a.o)
    0x00000298   0x00000000   Code   RO         3124    .ARM.Collect$$$$0000000F  mc_w.l(entry11a.o)
    0x00000298   0x00000004   Code   RO         3113    .ARM.Collect$$$$00002712  mc_w.l(entry2.o)
    0x0000029c   0x00000006   Code   RO         2440    .emb_text           driverlib.lib(sysctl.o)
    0x000002a2   0x00000002   PAD
    0x000002a4   0x00000026   Code   RO         3083    .emb_text           driverlib.lib(cpu.o)
    0x000002ca   0x00000024   Code   RO         3102    .text               mc_w.l(memcpya.o)
    0x000002ee   0x00000024   Code   RO         3104    .text               mc_w.l(memseta.o)
    0x00000312   0x00000038   Code   RO         3110    .text               mf_w.l(d2f.o)
    0x0000034a   0x00000002   PAD
    0x0000034c   0x0000009c   Code   RO         3133    .text               mc_w.l(strtod.o)
    0x000003e8   0x00000000   Code   RO         3135    .text               mc_w.l(iusefp.o)
    0x000003e8   0x0000006e   Code   RO         3136    .text               mf_w.l(fepilogue.o)
    0x00000456   0x00000002   PAD
    0x00000458   0x00000024   Code   RO         3138    .text               mc_w.l(init.o)
    0x0000047c   0x0000000a   Code   RO         3140    .text               mc_w.l(isspace_c.o)
    0x00000486   0x00000002   PAD
    0x00000488   0x00000338   Code   RO         3142    .text               mc_w.l(scanf_fp.o)
    0x000007c0   0x00000040   Code   RO         3146    .text               mc_w.l(_sgetc.o)
    0x00000800   0x00000028   Code   RO         3148    .text               mc_w.l(ctype_c.o)
    0x00000828   0x000000e4   Code   RO         3151    .text               mf_w.l(dmul.o)
    0x0000090c   0x000000de   Code   RO         3153    .text               mf_w.l(ddiv.o)
    0x000009ea   0x00000018   Code   RO         3155    .text               mf_w.l(dfltul.o)
    0x00000a02   0x000000ba   Code   RO         3157    .text               mf_w.l(depilogue.o)
    0x00000abc   0x0000001e   Code   RO         3159    .text               mc_w.l(llshl.o)
    0x00000ada   0x00000020   Code   RO         3161    .text               mc_w.l(llushr.o)
    0x00000afa   0x00000002   PAD
    0x00000afc   0x00000064   Code   RO         1355    i.Board_Init        launchpadswitches.o
    0x00000b60   0x0000000c   Code   RO            2    i.CC3100_InterruptEnable  board.o
    0x00000b6c   0x00000014   Code   RO            3    i.CC3100_disable    board.o
    0x00000b80   0x00000014   Code   RO            4    i.CC3100_enable     board.o
    0x00000b94   0x00000078   Code   RO          876    i.CMD_help          starter.o
    0x00000c0c   0x000000d0   Code   RO          877    i.CMD_ping          starter.o
    0x00000cdc   0x0000005c   Code   RO          878    i.ConfigureUART     starter.o
    0x00000d38   0x0000001a   Code   RO          498    i.CopyPingResultsToReport  netapp.o
    0x00000d52   0x0000001a   Code   RO         1397    i.Delay1ms          st7735.o
    0x00000d6c   0x00000010   Code   RO         1779    i.FPUEnable         driverlib.lib(fpu.o)
    0x00000d7c   0x00000010   Code   RO         1782    i.FPULazyStackingEnable  driverlib.lib(fpu.o)
    0x00000d8c   0x00000034   Code   RO            6    i.GPIOB_intHandler  board.o
    0x00000dc0   0x00000028   Code   RO         1855    i.GPIODirModeSet    driverlib.lib(gpio.o)
    0x00000de8   0x00000006   Code   RO         1856    i.GPIOIntClear      driverlib.lib(gpio.o)
    0x00000dee   0x0000000e   Code   RO         1857    i.GPIOIntDisable    driverlib.lib(gpio.o)
    0x00000dfc   0x0000000c   Code   RO         1858    i.GPIOIntEnable     driverlib.lib(gpio.o)
    0x00000e08   0x0000000e   Code   RO         1861    i.GPIOIntStatus     driverlib.lib(gpio.o)
    0x00000e16   0x00000050   Code   RO         1863    i.GPIOIntTypeSet    driverlib.lib(gpio.o)
    0x00000e66   0x00000138   Code   RO         1867    i.GPIOPadConfigSet  driverlib.lib(gpio.o)
    0x00000f9e   0x00000002   PAD
    0x00000fa0   0x00000044   Code   RO         1868    i.GPIOPinConfigure  driverlib.lib(gpio.o)
    0x00000fe4   0x0000001c   Code   RO         1878    i.GPIOPinTypeGPIOInput  driverlib.lib(gpio.o)
    0x00001000   0x0000001c   Code   RO         1888    i.GPIOPinTypeSSI    driverlib.lib(gpio.o)
    0x0000101c   0x00000006   Code   RO         1897    i.GPIOPinWrite      driverlib.lib(gpio.o)
    0x00001022   0x00000044   Code   RO          186    i.GetStartResponseConvert  device.o
    0x00001066   0x00000002   PAD
    0x00001068   0x00000064   Code   RO         2176    i.IntEnable         driverlib.lib(interrupt.o)
    0x000010cc   0x0000000e   Code   RO         2179    i.IntMasterEnable   driverlib.lib(interrupt.o)
    0x000010da   0x00000010   Code   RO          978    i.IsBufferEmpty     uartstdio.o
    0x000010ea   0x0000001a   Code   RO          979    i.IsBufferFull      uartstdio.o
    0x00001104   0x00000010   Code   RO         1649    i.PWM_Duty_PF0      newpwm.o
    0x00001114   0x00000010   Code   RO         1650    i.PWM_Duty_PF1      newpwm.o
    0x00001124   0x00000010   Code   RO         1651    i.PWM_Duty_PF2      newpwm.o
    0x00001134   0x000000a8   Code   RO         1659    i.PWM_Init_PF0      newpwm.o
    0x000011dc   0x0000003a   Code   RO         2296    i.SSIConfigSetExpClk  driverlib.lib(ssi.o)
    0x00001216   0x00000014   Code   RO         2300    i.SSIDataGetNonBlocking  driverlib.lib(ssi.o)
    0x0000122a   0x00000010   Code   RO         2302    i.SSIDataPutNonBlocking  driverlib.lib(ssi.o)
    0x0000123a   0x0000000a   Code   RO         2304    i.SSIEnable         driverlib.lib(ssi.o)
    0x00001244   0x00000014   Code   RO         1399    i.ST7735_Color565   st7735.o
    0x00001258   0x000000bc   Code   RO         1402    i.ST7735_DrawCharS  st7735.o
    0x00001314   0x00000040   Code   RO         1405    i.ST7735_DrawPixel  st7735.o
    0x00001354   0x00000052   Code   RO         1406    i.ST7735_DrawString  st7735.o
    0x000013a6   0x00000002   PAD
    0x000013a8   0x00000078   Code   RO         1407    i.ST7735_FillRect   st7735.o
    0x00001420   0x0000001c   Code   RO         1408    i.ST7735_FillScreen  st7735.o
    0x0000143c   0x00000068   Code   RO         1410    i.ST7735_InitR      st7735.o
    0x000014a4   0x000000a4   Code   RO         1412    i.ST7735_OutChar    st7735.o
    0x00001548   0x00000014   Code   RO         1413    i.ST7735_OutString  st7735.o
    0x0000155c   0x0000003c   Code   RO         1416    i.ST7735_PlotClear  st7735.o
    0x00001598   0x00000014   Code   RO         1423    i.ST7735_SetCursor  st7735.o
    0x000015ac   0x00000030   Code   RO          879    i.SimpleLinkHttpServerCallback  starter.o
    0x000015dc   0x00000104   Code   RO          880    i.SimpleLinkNetAppEventHandler  starter.o
    0x000016e0   0x00000050   Code   RO          881    i.SimpleLinkPingReport  starter.o
    0x00001730   0x00000128   Code   RO          882    i.SimpleLinkWlanEventHandler  starter.o
    0x00001858   0x00000154   Code   RO         2443    i.SysCtlClockGet    driverlib.lib(sysctl.o)
    0x000019ac   0x00000120   Code   RO         2445    i.SysCtlClockSet    driverlib.lib(sysctl.o)
    0x00001acc   0x00000028   Code   RO         2474    i.SysCtlPeripheralEnable  driverlib.lib(sysctl.o)
    0x00001af4   0x00000006   Code   RO         2800    i.UARTClockSourceSet  driverlib.lib(uart.o)
    0x00001afa   0x00000002   PAD
    0x00001afc   0x00000028   Code   RO          981    i.UARTFlushRx       uartstdio.o
    0x00001b24   0x00000038   Code   RO          982    i.UARTFlushTx       uartstdio.o
    0x00001b5c   0x00000078   Code   RO          984    i.UARTPrimeTransmit  uartstdio.o
    0x00001bd4   0x00000098   Code   RO          986    i.UARTStdioConfig   uartstdio.o
    0x00001c6c   0x00000108   Code   RO          987    i.UARTStdioIntHandler  uartstdio.o
    0x00001d74   0x00000012   Code   RO          991    i.UARTprintf        uartstdio.o
    0x00001d86   0x00000002   PAD
    0x00001d88   0x000001b4   Code   RO          992    i.UARTvprintf       uartstdio.o
    0x00001f3c   0x00000090   Code   RO          993    i.UARTwrite         uartstdio.o
    0x00001fcc   0x00000044   Code   RO          883    i.WlanConnect       starter.o
    0x00002010   0x000002f4   Code   RO          277    i._SlAsyncEventGenericHandler  driver.o
    0x00002304   0x00000028   Code   RO          278    i._SlDrvBasicCmd    driver.o
    0x0000232c   0x00000090   Code   RO          279    i._SlDrvClassifyRxMsg  driver.o
    0x000023bc   0x00000054   Code   RO          280    i._SlDrvCmdOp       driver.o
    0x00002410   0x0000001c   Code   RO          281    i._SlDrvCmdSend     driver.o
    0x0000242c   0x0000014c   Code   RO          282    i._SlDrvDataReadOp  driver.o
    0x00002578   0x0000001a   Code   RO          187    i._SlDrvDeviceEventHandler  device.o
    0x00002592   0x00000002   PAD
    0x00002594   0x00000090   Code   RO          285    i._SlDrvDriverCBInit  driver.o
    0x00002624   0x00000030   Code   RO          424    i._SlDrvFlowContInit  flowcont.o
    0x00002654   0x00000350   Code   RO          286    i._SlDrvMsgRead     driver.o
    0x000029a4   0x000000a8   Code   RO          287    i._SlDrvMsgReadCmdCtx  driver.o
    0x00002a4c   0x00000090   Code   RO          288    i._SlDrvMsgReadSpawnCtx  driver.o
    0x00002adc   0x000000f0   Code   RO          289    i._SlDrvMsgWrite    driver.o
    0x00002bcc   0x000000ca   Code   RO          499    i._SlDrvNetAppEventHandler  netapp.o
    0x00002c96   0x00000002   PAD
    0x00002c98   0x0000003c   Code   RO          291    i._SlDrvObjInit     driver.o
    0x00002cd4   0x000000e4   Code   RO          292    i._SlDrvReleasePoolObj  driver.o
    0x00002db8   0x00000128   Code   RO          293    i._SlDrvRxHdrRead   driver.o
    0x00002ee0   0x00000040   Code   RO          294    i._SlDrvRxIrqHandler  driver.o
    0x00002f20   0x00000016   Code   RO          295    i._SlDrvShiftDWord  driver.o
    0x00002f36   0x00000002   PAD
    0x00002f38   0x00000104   Code   RO          296    i._SlDrvWaitForPoolObj  driver.o
    0x0000303c   0x00000098   Code   RO          297    i._SlFindAndSetActiveObj  driver.o
    0x000030d4   0x00000040   Code   RO          636    i._SlNonOsMainLoopTask  nonos.o
    0x00003114   0x00000032   Code   RO          637    i._SlNonOsSemGet    nonos.o
    0x00003146   0x00000006   Code   RO          638    i._SlNonOsSemSet    nonos.o
    0x0000314c   0x00000024   Code   RO          639    i._SlNonOsSpawn     nonos.o
    0x00003170   0x00000058   Code   RO          298    i._SlRemoveFromList  driver.o
    0x000031c8   0x00000038   Code   RO         3093    i.__hardfp_atof     m_wm.l(atof.o)
    0x00003200   0x0000000c   Code   RO         3127    i.__read_errno      mc_w.l(errno.o)
    0x0000320c   0x0000000e   Code   RO         3165    i.__scatterload_copy  mc_w.l(handlers.o)
    0x0000321a   0x00000002   Code   RO         3166    i.__scatterload_null  mc_w.l(handlers.o)
    0x0000321c   0x0000000e   Code   RO         3167    i.__scatterload_zeroinit  mc_w.l(handlers.o)
    0x0000322a   0x00000002   PAD
    0x0000322c   0x0000000c   Code   RO         3128    i.__set_errno       mc_w.l(errno.o)
    0x00003238   0x0000000e   Code   RO         3144    i._is_digit         mc_w.l(scanf_fp.o)
    0x00003246   0x00000026   Code   RO          673    i._sl_BuildAddress  socket.o
    0x0000326c   0x00000074   Code   RO          674    i._sl_HandleAsync_Accept  socket.o
    0x000032e0   0x0000007c   Code   RO          675    i._sl_HandleAsync_Connect  socket.o
    0x0000335c   0x00000074   Code   RO          501    i._sl_HandleAsync_DnsGetHostByName  netapp.o
    0x000033d0   0x00000068   Code   RO          502    i._sl_HandleAsync_DnsGetHostByService  netapp.o
    0x00003438   0x00000084   Code   RO          188    i._sl_HandleAsync_InitComplete  device.o
    0x000034bc   0x00000080   Code   RO          503    i._sl_HandleAsync_PingResponse  netapp.o
    0x0000353c   0x00000064   Code   RO          676    i._sl_HandleAsync_Select  socket.o
    0x000035a0   0x00000060   Code   RO          189    i._sl_HandleAsync_Stop  device.o
    0x00003600   0x0000004a   Code   RO         1427    i.commandList       st7735.o
    0x0000364a   0x00000002   PAD
    0x0000364c   0x00000138   Code   RO         1428    i.commonInit        st7735.o
    0x00003784   0x00000018   Code   RO           10    i.initClk           board.o
    0x0000379c   0x000002f0   Code   RO          884    i.main              starter.o
    0x00003a8c   0x00000002   Code   RO         1663    i.map               newpwm.o
    0x00003a8e   0x00000014   Code   RO         1433    i.pushColor         st7735.o
    0x00003aa2   0x00000002   PAD
    0x00003aa4   0x0000000c   Code   RO           11    i.registerInterruptHandler  board.o
    0x00003ab0   0x0000006c   Code   RO         1434    i.setAddrWindow     st7735.o
    0x00003b1c   0x00000060   Code   RO          680    i.sl_Bind           socket.o
    0x00003b7c   0x00000020   Code   RO          681    i.sl_Close          socket.o
    0x00003b9c   0x00000030   Code   RO          685    i.sl_Htons          socket.o
    0x00003bcc   0x00000110   Code   RO          511    i.sl_NetAppPingStart  netapp.o
    0x00003cdc   0x00000050   Code   RO          512    i.sl_NetAppSendTokenValue  netapp.o
    0x00003d2c   0x0000006c   Code   RO          615    i.sl_NetCfgGet      netcfg.o
    0x00003d98   0x000000a4   Code   RO          688    i.sl_RecvFrom       socket.o
    0x00003e3c   0x00000030   Code   RO          693    i.sl_Socket         socket.o
    0x00003e6c   0x000000b8   Code   RO          194    i.sl_Start          device.o
    0x00003f24   0x000001a4   Code   RO         1208    i.sl_WlanConnect    wlan.o
    0x000040c8   0x00000100   Code   RO          835    i.spi_Open          spi.o
    0x000041c8   0x00000058   Code   RO          836    i.spi_Read          spi.o
    0x00004220   0x00000054   Code   RO          837    i.spi_Write         spi.o
    0x00004274   0x00000002   Code   RO           12    i.stopWDT           board.o
    0x00004276   0x00000002   PAD
    0x00004278   0x00000020   Code   RO         1435    i.writecommand      st7735.o
    0x00004298   0x0000001c   Code   RO         1436    i.writedata         st7735.o
    0x000042b4   0x00000048   Data   RO          300    .constdata          driver.o
    0x000042fc   0x00000028   Data   RO          516    .constdata          netapp.o
    0x00004324   0x00000008   Data   RO          617    .constdata          netcfg.o
    0x0000432c   0x00000030   Data   RO          694    .constdata          socket.o
    0x0000435c   0x00000028   Data   RO          995    .constdata          uartstdio.o
    0x00004384   0x000007e2   Data   RO         1438    .constdata          st7735.o
    0x00004b66   0x00000002   PAD
    0x00004b68   0x00000228   Data   RO         1899    .constdata          driverlib.lib(gpio.o)
    0x00004d90   0x0000010c   Data   RO         2192    .constdata          driverlib.lib(interrupt.o)
    0x00004e9c   0x00000254   Data   RO         2496    .constdata          driverlib.lib(sysctl.o)
    0x000050f0   0x00000040   Data   RO         3149    .constdata          mc_w.l(ctype_c.o)
    0x00005130   0x000000e5   Data   RO          887    .conststring        starter.o
    0x00005215   0x00000003   PAD
    0x00005218   0x00000011   Data   RO          996    .conststring        uartstdio.o
    0x00005229   0x00000003   PAD
    0x0000522c   0x00000020   Data   RO         3163    Region$$Table       anon$$obj.o


    Execution Region RW_IRAM (Base: 0x20000000, Size: 0x000046a0, Max: 0x00008000, ABSOLUTE)

    Base Addr    Size         Type   Attr      Idx    E Section Name        Object

    0x20000000   0x00000008   Data   RW           13    .data               board.o
    0x20000008   0x00000004   Data   RW          301    .data               driver.o
    0x2000000c   0x00000004   Data   RW          302    .data               driver.o
    0x20000010   0x0000002c   Data   RW          888    .data               starter.o
    0x2000003c   0x0000001c   Data   RW          997    .data               uartstdio.o
    0x20000058   0x0000002c   Data   RW         1439    .data               st7735.o
    0x20000084   0x00000004   Data   RW         3129    .data               mc_w.l(errno.o)
    0x20000088   0x00000164   Zero   RW          299    .bss                driver.o
    0x200001ec   0x00000028   Zero   RW          640    .bss                nonos.o
    0x20000214   0x0000000c   Zero   RW          886    .bss                starter.o
    0x20000220   0x00000480   Zero   RW          994    .bss                uartstdio.o
    0x200006a0   0x00004000   Zero   RW          967    STACK               startup_rvmdk.o


==============================================================================

Image component sizes


      Code (inc. data)   RO Data    RW Data    ZI Data      Debug   Object Name

       142         28          0          8          0      42447   board.o
         0          0          0          0          0       3064   cmdline.o
       506         26          0          0          0      39612   device.o
      4098        138         72          8        356      23730   driver.o
        48          6          0          0          0        641   flowcont.o
       100         22          0          0          0        541   launchpadswitches.o
       928         40         40          0          0       9421   netapp.o
       108          8          8          0          0       1993   netcfg.o
       218         44          0          0          0       2766   newpwm.o
       156         16          0          0         40       4108   nonos.o
       766         38         48          0          0       9281   socket.o
       428         60          0          0          0       2450   spi.o
      1470        128       2018         44          0      15757   st7735.o
      1924       1044        229         44         12       9553   starter.o
       648        622          0          0      16384        328   startup_rvmdk.o
      1272         72         57         28       1152      10639   uartstdio.o
       420          6          0          0          0       3061   wlan.o

    ----------------------------------------------------------------------
     13250       2298       2512        132      17944     179392   Object Totals
         0          0         32          0          0          0   (incl. Generated)
        18          0          8          0          0          0   (incl. Padding)

    ----------------------------------------------------------------------

      Code (inc. data)   RO Data    RW Data    ZI Data      Debug   Library Member Name

        38          0          0          0          0        572   cpu.o
        32          8          0          0          0       3956   fpu.o
       608          8        552          0          0       7179   gpio.o
       114          8        268          0          0       2042   interrupt.o
       104          0          0          0          0       3061   ssi.o
       674         58        596          0          0       4395   sysctl.o
         6          0          0          0          0        497   uart.o
        56         12          0          0          0        132   atof.o
        64          0          0          0          0         84   _sgetc.o
        40          6         64          0          0         68   ctype_c.o
         0          0          0          0          0          0   entry.o
         0          0          0          0          0          0   entry10a.o
         0          0          0          0          0          0   entry11a.o
         8          4          0          0          0          0   entry2.o
         4          0          0          0          0          0   entry5.o
         0          0          0          0          0          0   entry7b.o
         0          0          0          0          0          0   entry8b.o
         8          4          0          0          0          0   entry9a.o
        24         12          0          4          0        136   errno.o
        30          0          0          0          0          0   handlers.o
        36          8          0          0          0         68   init.o
        10          0          0          0          0         68   isspace_c.o
         0          0          0          0          0          0   iusefp.o
        30          0          0          0          0         68   llshl.o
        32          0          0          0          0         68   llushr.o
        36          0          0          0          0         68   memcpya.o
        36          0          0          0          0        108   memseta.o
       838         12          0          0          0        216   scanf_fp.o
       156         12          0          0          0        120   strtod.o
        56          0          0          0          0         88   d2f.o
       222          0          0          0          0        100   ddiv.o
       186          0          0          0          0        176   depilogue.o
        24          0          0          0          0         76   dfltul.o
       228          0          0          0          0         96   dmul.o
       110          0          0          0          0        168   fepilogue.o

    ----------------------------------------------------------------------
      3826        152       1480          4          0      23610   Library Totals
        16          0          0          0          0          0   (incl. Padding)

    ----------------------------------------------------------------------

      Code (inc. data)   RO Data    RW Data    ZI Data      Debug   Library Name

      1576         82       1416          0          0      21702   driverlib.lib
        56         12          0          0          0        132   m_wm.l
      1352         58         64          4          0       1072   mc_w.l
       826          0          0          0          0        704   mf_w.l

    ----------------------------------------------------------------------
      3826        152       1480          4          0      23610   Library Totals

    ----------------------------------------------------------------------

==============================================================================


      Code (inc. data)   RO Data    RW Data    ZI Data      Debug   

     17076       2450       3992        136      17944     190826   Grand Totals
     17076       2450       3992        136      17944     190826   ELF Image Totals
     17076       2450       3992        136          0          0   ROM Totals

==============================================================================

    Total RO  Size (Code + RO Data)                21068 (  20.57kB)
    Total RW  Size (RW Data + ZI Data)             18080 (  17.66kB)
    Total ROM Size (Code + RO Data + RW Data)      21204 (  20.71kB)

==============================================================================

